ASxxxx Linker V03.00 + NoICE + sdld,  page 1.
Hexadecimal  [32-Bits]

Area                                    Addr        Size        Decimal Bytes (Attributes)
--------------------------------        ----        ----        ------- ----- ------------
.  .ABS.                            00000000    00000000 =           0. bytes (ABS,CON)

      Value  Global                              Global Defined In Module
      -----  --------------------------------   ------------------------
     00000000  .__.ABS.                           
     00000000  _rRAMG                             
     00000000  l__BASE                         
     00000000  l__BSS                          
     00000000  l__CABS                         
     00000000  l__CODE_0                       
     00000000  l__CRASH_HEADER                 
     00000000  l__CRASH_SCRATCH                
     00000000  l__DABS                         
     00000000  l__EHL_TRAMPOLINE               
     00000000  l__HEADER                       
     00000000  l__HEADER_LCD                   
     00000000  l__HEADER_SIO                   
     00000000  l__HEADER_TIMER                 
     00000000  l__HEAP                         
     00000000  l__HRAM                         
     00000000  l__LIT                          
     00000000  s__CABS                         
     00000000  s__CRASH_HEADER                 
     00000000  s__CRASH_HEADER0                
     00000000  s__CRASH_HEADER1                
     00000000  s__CRASH_SCRATCH                
     00000000  s__CRASH_SCRATCH2               
     00000000  s__DABS                         
     00000000  s__EHL_TRAMPOLINE               
     00000000  s__EHL_TRAMPOLINE0              
     00000000  s__HEADER                       
     00000000  s__HEADER0                      
     00000000  s__HEADER1                      
     00000000  s__HEADER10                     
     00000000  s__HEADER11                     
     00000000  s__HEADER2                      
     00000000  s__HEADER3                      
     00000000  s__HEADER4                      
     00000000  s__HEADER5                      
     00000000  s__HEADER6                      
     00000000  s__HEADER7                      
     00000000  s__HEADER8                      
     00000000  s__HEADER9                      
     00000000  s__HEADER_LCD                   
     00000000  s__HEADER_LCD0                  
     00000000  s__HEADER_SIO                   
     00000000  s__HEADER_SIO0                  
     00000000  s__HEADER_TIMER                 
     00000000  s__HEADER_TIMER0                
     00000000  s__HEADERa                      
     00000000  s__HEADERb                      
     00000000  s__HEADERc                      
     00000000  s__HEADERd                      
     00000000  s__HEADERe                      
ASxxxx Linker V03.00 + NoICE + sdld,  page 2.
Hexadecimal  [32-Bits]

Area                                    Addr        Size        Decimal Bytes (Attributes)
--------------------------------        ----        ----        ------- ----- ------------
.  .ABS.                            00000000    00000000 =           0. bytes (ABS,CON)

      Value  Global                              Global Defined In Module
      -----  --------------------------------   ------------------------
     00000000  s__HEADERf                      
     00000000  s__HRAM                         
     00000000  s__HRAM12                       
     00000001  ___bank_VM_SGB                     vm_sgb
     00000001  ___bank_bg_ana_full_psimenu_tile   bg_ana_full_psimenu_tileset
     00000001  ___bank_bg_ninten_pippi_tilemap    bg_ninten_pippi_tilemap
     00000001  ___bank_bg_ninten_pippi_tilemap_   bg_ninten_pippi_tilemap_attr
     00000001  ___bank_scene_0_sprites            scene_0_sprites
     00000001  ___bank_scene_40_init              scene_40_init
     00000001  ___mute_mask_sound_legacy_12       sound_legacy_12
     00000001  ___mute_mask_sound_legacy_3        sound_legacy_3
     00000001  b_ui_draw_frame                    ui
     00000001  b_ui_draw_text_buffer_char         ui
     00000001  b_ui_init                          ui
     00000001  b_ui_load_tiles                    ui
     00000001  b_ui_run_menu                      ui
     00000001  b_ui_run_modal                     ui
     00000001  b_ui_set_start_tile                ui
     00000001  l__GSFINAL                      
     00000001  l__HEADER0                      
     00000001  l__HEADER11                     
     00000001  l__HEADER9                      
     00000001  l__HEADERa                      
     00000001  l__HEADERb                      
     00000001  l__HEADERd                      
     00000001  l__HEADERe                      
     00000002  ___bank_bg_story_2_tileset         bg_story_2_tileset
     00000002  ___bank_bootstrap_script           
     00000002  ___bank_scene_49_init              scene_49_init
     00000002  l__HEADER5                      
     00000002  l__HEADERc                      
     00000002  l__HEADERf                      
     00000003  ___bank_scene_48_init              scene_48_init
     00000003  ___bank_script_0                   script_0
     00000003  ___bank_script_input_52            script_input_52
     00000003  ___bank_song_song_template_2_Dat   song_song_template_2_Data
     00000003  l__HEADER8                      
     00000003  l__HEADER_LCD0                  
     00000003  l__HRAM12                       
     00000004  ___bank_actor_1_update             actor_1_update
     00000004  ___bank_scene_4_init               scene_4_init
     00000004  ___bank_sprite_numbers_tileset     sprite_numbers_tileset
     00000004  l__CRASH_HEADER1                
     00000004  l__HEADER_SIO0                  
     00000004  l__HEADER_TIMER0                
     00000005  ___bank_scene_0_actors             scene_0_actors
     00000005  ___bank_scene_52_init              scene_52_init
     00000005  ___bank_song_song_template_1_Dat   song_song_template_1_Data
     00000005  l__CRASH_HEADER0                
     00000005  l__HEADER1                      
     00000006  ___bank_scene_16_sprites           scene_16_sprites
ASxxxx Linker V03.00 + NoICE + sdld,  page 3.
Hexadecimal  [32-Bits]

Area                                    Addr        Size        Decimal Bytes (Attributes)
--------------------------------        ----        ----        ------- ----- ------------
.  .ABS.                            00000000    00000000 =           0. bytes (ABS,CON)

      Value  Global                              Global Defined In Module
      -----  --------------------------------   ------------------------
     00000006  ___bank_scene_50_init              scene_50_init
     00000006  ___bank_song_song_template_3_Dat   song_song_template_3_Data
     00000006  ___bank_sound_legacy_10            sound_legacy_10
     00000006  b_fade_applypalettechange          fade_manager
     00000006  b_fade_in                          fade_manager
     00000006  b_fade_in_modal                    fade_manager
     00000006  b_fade_init                        fade_manager
     00000006  b_fade_out                         fade_manager
     00000006  b_fade_out_modal                   fade_manager
     00000006  b_fade_setspeed                    fade_manager
     00000006  b_fade_update                      fade_manager
     00000006  l__HEADER7                      
     00000007  ___bank_bg_zoo_5_tileset           bg_zoo_5_tileset
     00000007  ___bank_scene_19_init              scene_19_init
     00000007  ___bank_scene_27_sprites           scene_27_sprites
     00000007  ___bank_song_song_template_6_Dat   song_song_template_6_Data
     00000007  ___bank_sound_legacy_3             sound_legacy_3
     00000007  l__HEADER2                      
     00000008  ___bank_VM_UI                      vm_ui
     00000008  ___bank_bg_battle_ali_tileset      bg_battle_ali_tileset
     00000008  ___bank_scene_35_init              scene_35_init
     00000008  ___bank_scene_3_sprites            scene_3_sprites
     00000008  ___mute_mask_sound_legacy_0        sound_legacy_0
     00000008  ___mute_mask_sound_legacy_1        sound_legacy_1
     00000008  ___mute_mask_sound_legacy_10       sound_legacy_10
     00000008  ___mute_mask_sound_legacy_11       sound_legacy_11
     00000008  ___mute_mask_sound_legacy_13       sound_legacy_13
     00000008  ___mute_mask_sound_legacy_14       sound_legacy_14
     00000008  ___mute_mask_sound_legacy_15       sound_legacy_15
     00000008  ___mute_mask_sound_legacy_16       sound_legacy_16
     00000008  ___mute_mask_sound_legacy_2        sound_legacy_2
     00000008  ___mute_mask_sound_legacy_4        sound_legacy_4
     00000008  ___mute_mask_sound_legacy_5        sound_legacy_5
     00000008  ___mute_mask_sound_legacy_6        sound_legacy_6
     00000008  ___mute_mask_sound_legacy_7        sound_legacy_7
     00000008  ___mute_mask_sound_legacy_8        sound_legacy_8
     00000008  ___mute_mask_sound_legacy_9        sound_legacy_9
     00000008  b_vm_choice                        vm_ui
     00000008  b_vm_display_text                  vm_ui
     00000008  b_vm_overlay_clear                 vm_ui
     00000008  b_vm_overlay_move_to               vm_ui
     00000008  b_vm_overlay_scroll                vm_ui
     00000008  b_vm_overlay_set_map               vm_ui
     00000008  b_vm_overlay_set_scroll            vm_ui
     00000008  b_vm_overlay_set_submap            vm_ui
     00000008  b_vm_overlay_set_submap_ex         vm_ui
     00000008  b_vm_overlay_setpos                vm_ui
     00000008  b_vm_overlay_show                  vm_ui
     00000008  b_vm_overlay_wait                  vm_ui
     00000008  b_vm_set_font                      vm_ui
     00000008  b_vm_set_text_sound                vm_ui
ASxxxx Linker V03.00 + NoICE + sdld,  page 4.
Hexadecimal  [32-Bits]

Area                                    Addr        Size        Decimal Bytes (Attributes)
--------------------------------        ----        ----        ------- ----- ------------
.  .ABS.                            00000000    00000000 =           0. bytes (ABS,CON)

      Value  Global                              Global Defined In Module
      -----  --------------------------------   ------------------------
     00000008  b_vm_switch_text_layer             vm_ui
     00000008  l__HEADER3                      
     00000009  ___bank_bg_zoo_inside2_tileset     bg_zoo_inside2_tileset
     00000009  ___bank_scene_24_init              scene_24_init
     00000009  ___bank_scene_56_init              scene_56_init
     00000009  b_adventure_init                   adventure
     00000009  b_adventure_update                 adventure
     0000000A  ___bank_bg_battle_dog_tileset      bg_battle_dog_tileset
     0000000A  ___bank_scene_38_init              scene_38_init
     0000000A  ___bank_script_init_menu           script_init_menu
     0000000A  b_shmup_init                       shmup
     0000000A  b_shmup_update                     shmup
     0000000B  ___bank_bg_nintenhouse_hall_tile   bg_nintenhouse_hall_tileset
     0000000B  ___bank_cursor_image               cursor_image
     0000000B  ___bank_scene_37_init              scene_37_init
     0000000B  b_scroll_init                      scroll
     0000000B  b_scroll_repaint                   scroll
     0000000B  b_scroll_reset                     scroll
     0000000B  b_scroll_update                    scroll
     0000000C  ___bank_bg_ninten_1_psimenu_tile   bg_ninten_1_psimenu_tileset
     0000000C  ___bank_scene_34_init              scene_34_init
     0000000C  ___bank_scene_39_sprites           scene_39_sprites
     0000000C  b_topdown_init                     topdown
     0000000C  b_topdown_update                   topdown
     0000000D  ___bank_bg_battle_eli_tileset      bg_battle_eli_tileset
     0000000D  ___bank_bg_ninten_pippi_tileset    bg_ninten_pippi_tileset
     0000000D  ___bank_scene_36_init              scene_36_init
     0000000D  ___bank_scene_3_triggers           scene_3_triggers
     0000000E  ___bank_VM_GAMEBOY                 vm_gameboy
     0000000E  ___bank_bg_ana_2_psimenu_tileset   bg_ana_2_psimenu_tileset
     0000000E  ___bank_scene_1_sprites            scene_1_sprites
     0000000E  ___bank_scene_51_init              scene_51_init
     0000000E  b_vm_context_prepare               vm_gameboy
     0000000E  b_vm_fade                          vm_gameboy
     0000000E  b_vm_get_tile_xy                   vm_gameboy
     0000000E  b_vm_input_attach                  vm_gameboy
     0000000E  b_vm_input_detach                  vm_gameboy
     0000000E  b_vm_input_get                     vm_gameboy
     0000000E  b_vm_input_wait                    vm_gameboy
     0000000E  b_vm_load_tiles                    vm_gameboy
     0000000E  b_vm_load_tileset                  vm_gameboy
     0000000E  b_vm_poll                          vm_gameboy
     0000000E  b_vm_replace_tile                  vm_gameboy
     0000000E  b_vm_replace_tile_xy               vm_gameboy
     0000000E  b_vm_rumble                        vm_gameboy
     0000000E  b_vm_set_sprite_mode               vm_gameboy
     0000000E  b_vm_set_sprites_visible           vm_gameboy
     0000000E  b_vm_timer_prepare                 vm_gameboy
     0000000E  b_vm_timer_reset                   vm_gameboy
     0000000E  b_vm_timer_set                     vm_gameboy
     0000000E  b_vm_timer_stop                    vm_gameboy
ASxxxx Linker V03.00 + NoICE + sdld,  page 5.
Hexadecimal  [32-Bits]

Area                                    Addr        Size        Decimal Bytes (Attributes)
--------------------------------        ----        ----        ------- ----- ------------
.  .ABS.                            00000000    00000000 =           0. bytes (ABS,CON)

      Value  Global                              Global Defined In Module
      -----  --------------------------------   ------------------------
     0000000F  ___bank_scene_40_sprites           scene_40_sprites
     0000000F  ___bank_scene_47_init              scene_47_init
     0000000F  ___bank_script_6                   script_6
     0000000F  ___bank_spritesheet_none           spritesheet_none
     0000000F  b_projectile_launch                projectiles
     0000000F  b_projectiles_init                 projectiles
     00000010  ___bank_bg_ninten_3_psimenu_tile   bg_ninten_3_psimenu_tileset
     00000010  ___bank_bg_zoo_2_tilemap_attr      bg_zoo_2_tilemap_attr
     00000010  ___bank_scene_12_init              scene_12_init
     00000010  ___bank_scene_17_init              scene_17_init
     00000011  ___bank_scene_57_init              scene_57_init
     00000011  ___bank_scene_8_init               scene_8_init
     00000011  b_do_load_palette                  data_manager
     00000011  b_load_background                  data_manager
     00000011  b_load_bkg_tileset                 data_manager
     00000011  b_load_bounds                      data_manager
     00000011  b_load_emote                       data_manager
     00000011  b_load_init                        data_manager
     00000011  b_load_player                      data_manager
     00000011  b_load_scene                       data_manager
     00000011  b_load_sprite                      data_manager
     00000011  l__EHL_TRAMPOLINE0              
     00000012  ___bank_ACTOR                      actor
     00000012  ___bank_VM_ACTOR                   vm_actor
     00000012  ___bank_scene_33_collisions        scene_33_collisions
     00000012  ___bank_scene_42_sprites           scene_42_sprites
     00000012  ___bank_sprite_canary              sprite_canary
     00000012  b_activate_actor                   actor
     00000012  b_activate_actors_in_col           actor
     00000012  b_activate_actors_in_row           actor
     00000012  b_actor_at_tile                    actor
     00000012  b_actor_get_frame_offset           actor
     00000012  b_actor_in_front_of_player         actor
     00000012  b_actor_overlapping_bb             actor
     00000012  b_actor_overlapping_player         actor
     00000012  b_actor_set_anim_idle              actor
     00000012  b_actor_set_anim_moving            actor
     00000012  b_actor_set_dir                    actor
     00000012  b_actor_set_frame_offset           actor
     00000012  b_actor_set_frames                 actor
     00000012  b_actors_handle_player_collision   actor
     00000012  b_actors_init                      actor
     00000012  b_check_collision_in_direction     actor
     00000012  b_deactivate_actor                 actor
     00000012  b_player_init                      actor
     00000012  b_vm_actor_activate                vm_actor
     00000012  b_vm_actor_deactivate              vm_actor
     00000012  b_vm_actor_emote                   vm_actor
     00000012  b_vm_actor_get_angle               vm_actor
     00000012  b_vm_actor_get_anim_frame          vm_actor
     00000012  b_vm_actor_get_dir                 vm_actor
ASxxxx Linker V03.00 + NoICE + sdld,  page 6.
Hexadecimal  [32-Bits]

Area                                    Addr        Size        Decimal Bytes (Attributes)
--------------------------------        ----        ----        ------- ----- ------------
.  .ABS.                            00000000    00000000 =           0. bytes (ABS,CON)

      Value  Global                              Global Defined In Module
      -----  --------------------------------   ------------------------
     00000012  b_vm_actor_get_pos                 vm_actor
     00000012  b_vm_actor_move_cancel             vm_actor
     00000012  b_vm_actor_move_to                 vm_actor
     00000012  b_vm_actor_replace_tile            vm_actor
     00000012  b_vm_actor_set_anim                vm_actor
     00000012  b_vm_actor_set_anim_frame          vm_actor
     00000012  b_vm_actor_set_anim_set            vm_actor
     00000012  b_vm_actor_set_anim_tick           vm_actor
     00000012  b_vm_actor_set_bounds              vm_actor
     00000012  b_vm_actor_set_dir                 vm_actor
     00000012  b_vm_actor_set_flags               vm_actor
     00000012  b_vm_actor_set_move_speed          vm_actor
     00000012  b_vm_actor_set_pos                 vm_actor
     00000012  b_vm_actor_set_spritesheet         vm_actor
     00000012  b_vm_actor_set_spritesheet_by_re   vm_actor
     00000012  b_vm_actor_terminate_update        vm_actor
     00000013  ___bank_scene_27_init              scene_27_init
     00000013  ___bank_script_10                  script_10
     00000013  ___bank_script_4                   script_4
     00000013  ___bank_song_song_template_9_Dat   song_song_template_9_Data
     00000013  b_platform_init                    platform
     00000013  b_platform_update                  platform
     00000014  ___bank_VM_MAIN                    vm
     00000014  ___bank_bg_canary_village_tilema   bg_canary_village_tilemap
     00000014  ___bank_bg_canary_village_tilema   bg_canary_village_tilemap_at
     00000014  ___bank_scene_41_init              scene_41_init
     00000014  ___bank_script_8                   script_8
     00000014  b_script_detach_hthread            vm
     00000014  b_script_execute                   vm
     00000014  b_script_runner_init               vm
     00000014  b_script_terminate                 vm
     00000014  b_vm_call                          vm
     00000014  b_vm_call_far                      vm
     00000014  b_vm_get_indirect                  vm
     00000014  b_vm_get_int16                     vm
     00000014  b_vm_get_int8                      vm
     00000014  b_vm_get_tlocal                    vm
     00000014  b_vm_get_uint8                     vm
     00000014  b_vm_idle                          vm
     00000014  b_vm_if                            vm
     00000014  b_vm_if_const                      vm
     00000014  b_vm_init_rng                      vm
     00000014  b_vm_invoke                        vm
     00000014  b_vm_join                          vm
     00000014  b_vm_jump                          vm
     00000014  b_vm_lock                          vm
     00000014  b_vm_loop                          vm
     00000014  b_vm_memcpy                        vm
     00000014  b_vm_memset                        vm
     00000014  b_vm_poll_loaded                   vm
     00000014  b_vm_pop                           vm
ASxxxx Linker V03.00 + NoICE + sdld,  page 7.
Hexadecimal  [32-Bits]

Area                                    Addr        Size        Decimal Bytes (Attributes)
--------------------------------        ----        ----        ------- ----- ------------
.  .ABS.                            00000000    00000000 =           0. bytes (ABS,CON)

      Value  Global                              Global Defined In Module
      -----  --------------------------------   ------------------------
     00000014  b_vm_push                          vm
     00000014  b_vm_push_reference                vm
     00000014  b_vm_push_value                    vm
     00000014  b_vm_push_value_ind                vm
     00000014  b_vm_raise                         vm
     00000014  b_vm_rand                          vm
     00000014  b_vm_reserve                       vm
     00000014  b_vm_ret                           vm
     00000014  b_vm_ret_far                       vm
     00000014  b_vm_set                           vm
     00000014  b_vm_set_const                     vm
     00000014  b_vm_set_const_int16               vm
     00000014  b_vm_set_const_int8                vm
     00000014  b_vm_set_indirect                  vm
     00000014  b_vm_set_int16                     vm
     00000014  b_vm_set_int8                      vm
     00000014  b_vm_set_uint8                     vm
     00000014  b_vm_terminate                     vm
     00000014  b_vm_test_terminate                vm
     00000014  b_vm_unlock                        vm
     00000014  b_wait_frames                      vm
     00000015  ___bank_bg_battle_gorilla_tilese   bg_battle_gorilla_tileset
     00000015  ___bank_scene_40_collisions        scene_40_collisions
     00000015  ___bank_script_12                  script_12
     00000015  ___bank_script_2                   script_2
     00000015  ___bank_song_song_template_10_Da   song_song_template_10_Data
     00000015  b_input_init                       input
     00000016  ___bank_bg_ninten_full_psimenu_t   bg_ninten_full_psimenu_tiles
     00000016  ___bank_bg_stat_menu_ana_tileset   bg_stat_menu_ana_tileset
     00000016  ___bank_font_gbs_mono              font_gbs_mono
     00000016  ___bank_script_9                   script_9
     00000016  ___bank_song_song_template_8_Dat   song_song_template_8_Data
     00000016  ___bank_song_template_0_Data       song_template_0_Data
     00000016  b_camera_init                      camera
     00000016  b_camera_reset                     camera
     00000017  ___bank_bg_battle_item_menu3_til   bg_battle_item_menu3_tileset
     00000017  ___bank_bg_menu_onyx_tileset       bg_menu_onyx_tileset
     00000017  ___bank_bg_nintenhouse_bottomflo   bg_nintenhouse_bottomfloor_t
     00000017  ___bank_bg_nintensroom_tileset     bg_nintensroom_tileset
     00000017  ___bank_bg_story1_tileset          bg_story1_tileset
     00000017  ___bank_bg_zoo_bossroom_tileset    bg_zoo_bossroom_tileset
     00000017  ___bank_bg_zoo_office_tileset      bg_zoo_office_tileset
     00000017  ___bank_scene_2_init               scene_2_init
     00000017  ___bank_scene_2_sprites            scene_2_sprites
     00000017  ___bank_song_song_template_11_Da   song_song_template_11_Data
     00000017  ___bank_song_song_template_4_Dat   song_song_template_4_Data
     00000017  ___bank_song_song_template_5_Dat   song_song_template_5_Data
     00000018  ___bank_bg_ana_3_psimenu_tileset   bg_ana_3_psimenu_tileset
     00000018  ___bank_bg_menu_no_onyx_tileset    bg_menu_no_onyx_tileset
     00000018  ___bank_bg_ninten_2_psimenu_tile   bg_ninten_2_psimenu_tileset
     00000018  ___bank_bg_nintenhouse_room_tile   bg_nintenhouse_room_tileset
ASxxxx Linker V03.00 + NoICE + sdld,  page 8.
Hexadecimal  [32-Bits]

Area                                    Addr        Size        Decimal Bytes (Attributes)
--------------------------------        ----        ----        ------- ----- ------------
.  .ABS.                            00000000    00000000 =           0. bytes (ABS,CON)

      Value  Global                              Global Defined In Module
      -----  --------------------------------   ------------------------
     00000018  ___bank_bg_zoo_2_tilemap           bg_zoo_2_tilemap
     00000018  ___bank_bg_zoo_3_tilemap           bg_zoo_3_tilemap
     00000018  ___bank_bg_zoo_4_tilemap           bg_zoo_4_tilemap
     00000018  ___bank_bg_zoo_5_tilemap           bg_zoo_5_tilemap
     00000018  ___bank_scene_10_triggers          scene_10_triggers
     00000018  ___bank_scene_43_collisions        scene_43_collisions
     00000018  ___bank_scene_44_collisions        scene_44_collisions
     00000018  ___bank_scene_45_collisions        scene_45_collisions
     00000018  ___bank_scene_46_collisions        scene_46_collisions
     00000018  ___bank_script_11                  script_11
     00000018  ___bank_script_7                   script_7
     00000018  b_core_reset                       core
     00000018  b_core_run                         core
     00000019  ___bank_VM_CAMERA                  vm_camera
     00000019  ___bank_VM_SIO                     vm_sio
     00000019  ___bank_bg_battle_crow_tileset     bg_battle_crow_tileset
     00000019  ___bank_bg_battle_tiger_tileset    bg_battle_tiger_tileset
     00000019  ___bank_bg_canary_village_tilese   bg_canary_village_tileset
     00000019  ___bank_bg_game_over_tileset       bg_game_over_tileset
     00000019  ___bank_bg_intro_3_tileset         bg_intro_3_tileset
     00000019  ___bank_bg_item_menu_tileset       bg_item_menu_tileset
     00000019  ___bank_bg_nintenhouse_basement_   bg_nintenhouse_basement_tile
     00000019  ___bank_bg_stat_menu_llyoid_tile   bg_stat_menu_llyoid_tileset
     00000019  ___bank_bg_stat_menu_ninten_tile   bg_stat_menu_ninten_tileset
     00000019  ___bank_bg_stat_menu_teddy_tiles   bg_stat_menu_teddy_tileset
     00000019  ___bank_bg_zoo_inside1_tileset     bg_zoo_inside1_tileset
     00000019  ___bank_scene_16_actors            scene_16_actors
     00000019  ___bank_song_song_template_Data    song_song_template_Data
     00000019  b___HandleCrash_banked             
     00000019  b_camera_shake_frames              vm_camera
     00000019  b_data_clear                       load_save
     00000019  b_data_init                        load_save
     00000019  b_data_load                        load_save
     00000019  b_data_peek                        load_save
     00000019  b_data_save                        load_save
     00000019  b_gbprinter_detect                 gbprinter
     00000019  b_gbprinter_print_overlay          gbprinter
     00000019  b_pointnclick_init                 pointnclick
     00000019  b_pointnclick_update               pointnclick
     00000019  b_trigger_activate_at              trigger
     00000019  b_trigger_activate_at_intersecti   trigger
     00000019  b_trigger_at_intersection          trigger
     00000019  b_trigger_at_tile                  trigger
     00000019  b_trigger_interact                 trigger
     00000019  b_trigger_reset                    trigger
     00000019  b_vm_camera_move_to                vm_camera
     00000019  b_vm_camera_set_pos                vm_camera
     00000019  b_vm_sio_exchange                  vm_sio
     00000019  b_vm_sio_set_mode                  vm_sio
     00000019  l__INITIALIZED                  
     00000019  l__INITIALIZER                  
ASxxxx Linker V03.00 + NoICE + sdld,  page 9.
Hexadecimal  [32-Bits]

Area                                    Addr        Size        Decimal Bytes (Attributes)
--------------------------------        ----        ----        ------- ----- ------------
.  .ABS.                            00000000    00000000 =           0. bytes (ABS,CON)

      Value  Global                              Global Defined In Module
      -----  --------------------------------   ------------------------
     0000001A  ___bank_VM_PALETTE                 vm_palette
     0000001A  ___bank_actor_28_update            actor_28_update
     0000001A  ___bank_actor_3_interact           actor_3_interact
     0000001A  ___bank_actor_6_interact           actor_6_interact
     0000001A  ___bank_actor_8_interact           actor_8_interact
     0000001A  ___bank_bg_ana_2_psimenu_tilemap   bg_ana_2_psimenu_tilemap
     0000001A  ___bank_bg_ana_2_psimenu_tilemap   bg_ana_2_psimenu_tilemap_att
     0000001A  ___bank_bg_ana_3_psimenu_tilemap   bg_ana_3_psimenu_tilemap
     0000001A  ___bank_bg_ana_full_psimenu_tile   bg_ana_full_psimenu_tilemap
     0000001A  ___bank_bg_battle_ali_tilemap      bg_battle_ali_tilemap
     0000001A  ___bank_bg_battle_ali_tilemap_at   bg_battle_ali_tilemap_attr
     0000001A  ___bank_bg_battle_baby_tilemap     bg_battle_baby_tilemap
     0000001A  ___bank_bg_battle_baby_tileset     bg_battle_baby_tileset
     0000001A  ___bank_bg_battle_bippie_tilemap   bg_battle_bippie_tilemap
     0000001A  ___bank_bg_battle_bippie_tilemap   bg_battle_bippie_tilemap_att
     0000001A  ___bank_bg_battle_bippie_tileset   bg_battle_bippie_tileset
     0000001A  ___bank_bg_battle_centi_tilemap    bg_battle_centi_tilemap
     0000001A  ___bank_bg_battle_centi_tileset    bg_battle_centi_tileset
     0000001A  ___bank_bg_battle_crow_tilemap     bg_battle_crow_tilemap
     0000001A  ___bank_bg_battle_dog_tilemap      bg_battle_dog_tilemap
     0000001A  ___bank_bg_battle_eli_tilemap      bg_battle_eli_tilemap
     0000001A  ___bank_bg_battle_farmer_tilemap   bg_battle_farmer_tilemap
     0000001A  ___bank_bg_battle_farmer_tileset   bg_battle_farmer_tileset
     0000001A  ___bank_bg_battle_gorilla_tilema   bg_battle_gorilla_tilemap
     0000001A  ___bank_bg_battle_hyena_tileset    bg_battle_hyena_tileset
     0000001A  ___bank_bg_battle_rat_tileset      bg_battle_rat_tileset
     0000001A  ___bank_bg_battle_snake_tileset    bg_battle_snake_tileset
     0000001A  ___bank_bg_battle_starjr_tileset   bg_battle_starjr_tileset
     0000001A  ___bank_bg_battlelamp_tileset      bg_battlelamp_tileset
     0000001A  ___bank_bg_zoo_1_tileset           bg_zoo_1_tileset
     0000001A  ___bank_bg_zoo_2_tileset           bg_zoo_2_tileset
     0000001A  ___bank_bg_zoo_3_tileset           bg_zoo_3_tileset
     0000001A  ___bank_bg_zoo_4_tileset           bg_zoo_4_tileset
     0000001A  ___bank_scene_20_sprites           scene_20_sprites
     0000001A  ___bank_scene_40_actors            scene_40_actors
     0000001A  ___bank_script_input_4             script_input_4
     0000001A  ___bank_sprite_ana_tileset         sprite_ana_tileset
     0000001A  ___bank_sprite_canary_tileset      sprite_canary_tileset
     0000001A  ___bank_sprite_llyoid_tileset      sprite_llyoid_tileset
     0000001A  ___bank_sprite_ninten_2_tileset    sprite_ninten_2_tileset
     0000001A  b_set_sgb_border                   sgb_border
     0000001A  b_vm_load_palette                  vm_palette
     0000001B  ___bank_bg_battle_hyena_tilemap    bg_battle_hyena_tilemap
     0000001B  ___bank_bg_battle_item_menu3_til   bg_battle_item_menu3_tilemap
     0000001B  ___bank_bg_battle_rat_tilemap      bg_battle_rat_tilemap
     0000001B  ___bank_bg_battle_rat_tilemap_at   bg_battle_rat_tilemap_attr
     0000001B  ___bank_bg_battle_snake_tilemap    bg_battle_snake_tilemap
     0000001B  ___bank_bg_battle_starjr_tilemap   bg_battle_starjr_tilemap
     0000001B  ___bank_bg_battle_tiger_tilemap    bg_battle_tiger_tilemap
     0000001B  ___bank_bg_battlelamp_tilemap      bg_battlelamp_tilemap
     0000001B  ___bank_bg_between_ninten_podunk   bg_between_ninten_podunk_til
ASxxxx Linker V03.00 + NoICE + sdld,  page 10.
Hexadecimal  [32-Bits]

Area                                    Addr        Size        Decimal Bytes (Attributes)
--------------------------------        ----        ----        ------- ----- ------------
.  .ABS.                            00000000    00000000 =           0. bytes (ABS,CON)

      Value  Global                              Global Defined In Module
      -----  --------------------------------   ------------------------
     0000001B  ___bank_bg_between_ninten_podunk   bg_between_ninten_podunk_til
     0000001B  ___bank_bg_between_zoo_mcave_til   bg_between_zoo_mcave_tilemap
     0000001B  ___bank_bg_between_zoo_mcave_til   bg_between_zoo_mcave_tilemap
     0000001B  ___bank_bg_game_over_tilemap       bg_game_over_tilemap
     0000001B  ___bank_bg_intro_2_tilemap         bg_intro_2_tilemap
     0000001B  ___bank_bg_intro_2_tilemap_attr    bg_intro_2_tilemap_attr
     0000001B  ___bank_bg_intro_3_tilemap         bg_intro_3_tilemap
     0000001B  ___bank_bg_intro_3_tilemap_attr    bg_intro_3_tilemap_attr
     0000001B  ___bank_bg_item_menu_tilemap       bg_item_menu_tilemap
     0000001B  ___bank_bg_menu_no_onyx_tilemap    bg_menu_no_onyx_tilemap
     0000001B  ___bank_bg_menu_onyx_tilemap       bg_menu_onyx_tilemap
     0000001B  ___bank_bg_ninten_1_psimenu_tile   bg_ninten_1_psimenu_tilemap
     0000001B  ___bank_bg_ninten_2_psimenu_tile   bg_ninten_2_psimenu_tilemap
     0000001B  ___bank_bg_ninten_3_psimenu_tile   bg_ninten_3_psimenu_tilemap
     0000001B  ___bank_bg_ninten_full_psimenu_t   bg_ninten_full_psimenu_tilem
     0000001B  ___bank_bg_nintenhouse_basement_   bg_nintenhouse_basement_tile
     0000001B  ___bank_bg_nintenhouse_bottomflo   bg_nintenhouse_bottomfloor_t
     0000001B  ___bank_bg_nintenhouse_hall_tile   bg_nintenhouse_hall_tilemap
     0000001B  ___bank_bg_nintenhouse_room_tile   bg_nintenhouse_room_tilemap
     0000001B  ___bank_bg_nintensroom_tilemap     bg_nintensroom_tilemap
     0000001B  ___bank_bg_stat_menu_ana_tilemap   bg_stat_menu_ana_tilemap
     0000001B  ___bank_bg_stat_menu_llyoid_tile   bg_stat_menu_llyoid_tilemap
     0000001B  ___bank_bg_stat_menu_ninten_tile   bg_stat_menu_ninten_tilemap
     0000001B  ___bank_bg_story1_tilemap          bg_story1_tilemap
     0000001B  ___bank_bg_story_2_tilemap         bg_story_2_tilemap
     0000001B  ___bank_bg_story_3_tilemap         bg_story_3_tilemap
     0000001B  ___bank_bg_zoo_1_tilemap           bg_zoo_1_tilemap
     0000001B  ___bank_bg_zoo_1_tilemap_attr      bg_zoo_1_tilemap_attr
     0000001B  ___bank_bg_zoo_bossroom_tilemap    bg_zoo_bossroom_tilemap
     0000001B  ___bank_bg_zoo_inside1_tilemap     bg_zoo_inside1_tilemap
     0000001B  ___bank_bg_zoo_inside2_tilemap     bg_zoo_inside2_tilemap
     0000001B  ___bank_bg_zoo_office_tilemap      bg_zoo_office_tilemap
     0000001B  ___bank_scene_0_collisions         scene_0_collisions
     0000001B  ___bank_scene_10_collisions        scene_10_collisions
     0000001B  ___bank_scene_11_collisions        scene_11_collisions
     0000001B  ___bank_scene_1_collisions         scene_1_collisions
     0000001B  ___bank_scene_3_init               scene_3_init
     0000001C  ___bank_scene_12_collisions        scene_12_collisions
     0000001C  ___bank_scene_13_collisions        scene_13_collisions
     0000001C  ___bank_scene_14_collisions        scene_14_collisions
     0000001C  ___bank_scene_15_collisions        scene_15_collisions
     0000001C  ___bank_scene_16_collisions        scene_16_collisions
     0000001C  ___bank_scene_17_collisions        scene_17_collisions
     0000001C  ___bank_scene_18_collisions        scene_18_collisions
     0000001C  ___bank_scene_19_collisions        scene_19_collisions
     0000001C  ___bank_scene_20_collisions        scene_20_collisions
     0000001C  ___bank_scene_21_collisions        scene_21_collisions
     0000001C  ___bank_scene_22_collisions        scene_22_collisions
     0000001C  ___bank_scene_23_collisions        scene_23_collisions
     0000001C  ___bank_scene_24_collisions        scene_24_collisions
     0000001C  ___bank_scene_27_collisions        scene_27_collisions
ASxxxx Linker V03.00 + NoICE + sdld,  page 11.
Hexadecimal  [32-Bits]

Area                                    Addr        Size        Decimal Bytes (Attributes)
--------------------------------        ----        ----        ------- ----- ------------
.  .ABS.                            00000000    00000000 =           0. bytes (ABS,CON)

      Value  Global                              Global Defined In Module
      -----  --------------------------------   ------------------------
     0000001C  ___bank_scene_28_collisions        scene_28_collisions
     0000001C  ___bank_scene_29_collisions        scene_29_collisions
     0000001C  ___bank_scene_2_collisions         scene_2_collisions
     0000001C  ___bank_scene_30_collisions        scene_30_collisions
     0000001C  ___bank_scene_31_collisions        scene_31_collisions
     0000001C  ___bank_scene_34_collisions        scene_34_collisions
     0000001C  ___bank_scene_35_collisions        scene_35_collisions
     0000001C  ___bank_scene_36_collisions        scene_36_collisions
     0000001C  ___bank_scene_37_collisions        scene_37_collisions
     0000001C  ___bank_scene_38_collisions        scene_38_collisions
     0000001C  ___bank_scene_39_collisions        scene_39_collisions
     0000001C  ___bank_scene_3_collisions         scene_3_collisions
     0000001C  ___bank_scene_41_collisions        scene_41_collisions
     0000001C  ___bank_scene_42_collisions        scene_42_collisions
     0000001C  ___bank_scene_47_collisions        scene_47_collisions
     0000001C  ___bank_scene_48_collisions        scene_48_collisions
     0000001C  ___bank_scene_49_collisions        scene_49_collisions
     0000001C  ___bank_scene_4_collisions         scene_4_collisions
     0000001C  ___bank_scene_50_collisions        scene_50_collisions
     0000001C  ___bank_scene_51_collisions        scene_51_collisions
     0000001C  ___bank_scene_52_collisions        scene_52_collisions
     0000001C  ___bank_scene_53_collisions        scene_53_collisions
     0000001C  ___bank_scene_54_collisions        scene_54_collisions
     0000001C  ___bank_scene_55_collisions        scene_55_collisions
     0000001C  ___bank_scene_56_collisions        scene_56_collisions
     0000001C  ___bank_scene_57_collisions        scene_57_collisions
     0000001C  ___bank_scene_58_collisions        scene_58_collisions
     0000001C  ___bank_scene_59_collisions        scene_59_collisions
     0000001C  ___bank_scene_5_collisions         scene_5_collisions
     0000001C  ___bank_scene_6_collisions         scene_6_collisions
     0000001C  ___bank_scene_7_collisions         scene_7_collisions
     0000001C  ___bank_script_input_39            script_input_39
     0000001C  __start_save                    
     0000001D  ___bank_VM_GBPRINTER               vm_gbprinter
     0000001D  ___bank_VM_LOAD_SAVE               vm_load_save
     0000001D  ___bank_VM_MATH                    vm_math
     0000001D  ___bank_VM_MUSIC                   vm_music
     0000001D  ___bank_VM_PROJECTILE              vm_projectiles
     0000001D  ___bank_VM_RTC                     vm_rtc
     0000001D  ___bank_VM_SCENE                   vm_scene
     0000001D  ___bank_actor_13_interact          actor_13_interact
     0000001D  ___bank_actor_27_interact          actor_27_interact
     0000001D  ___bank_actor_29_interact          actor_29_interact
     0000001D  ___bank_actor_30_interact          actor_30_interact
     0000001D  ___bank_actor_4_interact           actor_4_interact
     0000001D  ___bank_actor_54_interact          actor_54_interact
     0000001D  ___bank_actor_55_interact          actor_55_interact
     0000001D  ___bank_actor_5_interact           actor_5_interact
     0000001D  ___bank_actor_9_interact           actor_9_interact
     0000001D  ___bank_bg_between_ninten_podunk   bg_between_ninten_podunk_til
     0000001D  ___bank_bg_between_zoo_mcave_til   bg_between_zoo_mcave_tileset
ASxxxx Linker V03.00 + NoICE + sdld,  page 12.
Hexadecimal  [32-Bits]

Area                                    Addr        Size        Decimal Bytes (Attributes)
--------------------------------        ----        ----        ------- ----- ------------
.  .ABS.                            00000000    00000000 =           0. bytes (ABS,CON)

      Value  Global                              Global Defined In Module
      -----  --------------------------------   ------------------------
     0000001D  ___bank_bg_intro_2_tileset         bg_intro_2_tileset
     0000001D  ___bank_bg_story_3_tileset         bg_story_3_tileset
     0000001D  ___bank_frame_image                frame_image
     0000001D  ___bank_scene_0_init               scene_0_init
     0000001D  ___bank_scene_18_init              scene_18_init
     0000001D  ___bank_scene_1_actors             scene_1_actors
     0000001D  ___bank_scene_1_init               scene_1_init
     0000001D  ___bank_scene_20_actors            scene_20_actors
     0000001D  ___bank_scene_20_init              scene_20_init
     0000001D  ___bank_scene_2_actors             scene_2_actors
     0000001D  ___bank_scene_41_actors            scene_41_actors
     0000001D  ___bank_scene_44_actors            scene_44_actors
     0000001D  ___bank_scene_8_collisions         scene_8_collisions
     0000001D  ___bank_scene_9_collisions         scene_9_collisions
     0000001D  ___bank_scene_logo_collisions      scene_logo_collisions
     0000001D  ___bank_scene_title_screen_colli   scene_title_screen_collision
     0000001D  ___bank_scene_title_screen_init    scene_title_screen_init
     0000001D  ___bank_script_input_15            script_input_15
     0000001D  ___bank_script_input_17            script_input_17
     0000001D  ___bank_script_input_22            script_input_22
     0000001D  ___bank_script_input_30            script_input_30
     0000001D  ___bank_script_input_31            script_input_31
     0000001D  ___bank_script_input_33            script_input_33
     0000001D  ___bank_script_input_34            script_input_34
     0000001D  ___bank_script_input_35            script_input_35
     0000001D  ___bank_script_input_37            script_input_37
     0000001D  ___bank_script_input_38            script_input_38
     0000001D  ___bank_script_input_40            script_input_40
     0000001D  ___bank_script_input_42            script_input_42
     0000001D  ___bank_script_input_43            script_input_43
     0000001D  ___bank_script_input_44            script_input_44
     0000001D  ___bank_script_input_46            script_input_46
     0000001D  ___bank_script_input_50            script_input_50
     0000001D  ___bank_script_input_51            script_input_51
     0000001D  ___bank_script_input_54            script_input_54
     0000001D  ___bank_script_input_56            script_input_56
     0000001D  ___bank_script_input_57            script_input_57
     0000001D  ___bank_script_input_58            script_input_58
     0000001D  ___bank_script_input_59            script_input_59
     0000001D  ___bank_script_input_8             script_input_8
     0000001D  ___bank_sound_legacy_12            sound_legacy_12
     0000001D  ___bank_sprite_ana                 sprite_ana
     0000001D  ___bank_sprite_llyoid              sprite_llyoid
     0000001D  ___bank_sprite_monkey              sprite_monkey
     0000001D  ___bank_sprite_monkey_tileset      sprite_monkey_tileset
     0000001D  ___bank_sprite_ninten_2            sprite_ninten_2
     0000001D  ___bank_sprite_ninten_dog_tilese   sprite_ninten_dog_tileset
     0000001D  ___bank_sprite_nintens_mom         sprite_nintens_mom
     0000001D  ___bank_sprite_nintens_mom_tiles   sprite_nintens_mom_tileset
     0000001D  ___bank_sprite_numbers             sprite_numbers
     0000001D  ___bank_sprite_pippi_mom_tileset   sprite_pippi_mom_tileset
ASxxxx Linker V03.00 + NoICE + sdld,  page 13.
Hexadecimal  [32-Bits]

Area                                    Addr        Size        Decimal Bytes (Attributes)
--------------------------------        ----        ----        ------- ----- ------------
.  .ABS.                            00000000    00000000 =           0. bytes (ABS,CON)

      Value  Global                              Global Defined In Module
      -----  --------------------------------   ------------------------
     0000001D  ___bank_sprite_police              sprite_police
     0000001D  ___bank_sprite_police_tileset      sprite_police_tileset
     0000001D  ___bank_sprite_rabbit_tileset      sprite_rabbit_tileset
     0000001D  ___bank_sprite_teddy               sprite_teddy
     0000001D  ___bank_sprite_teddy_tileset       sprite_teddy_tileset
     0000001D  ___bank_sprite_twins_tileset       sprite_twins_tileset
     0000001D  b_erase_flash                      
     0000001D  b_events_init                      events
     0000001D  b_itoa_fmt                         vm_ui_a
     0000001D  b_music_events_poll                music_manager
     0000001D  b_music_init_driver                music_manager
     0000001D  b_music_init_events                music_manager
     0000001D  b_restore_sram                     flasher
     0000001D  b_restore_sram_bank                flasher
     0000001D  b_save_sram                        flasher
     0000001D  b_save_sram_banks                  
     0000001D  b_timers_init                      events
     0000001D  b_vm_cos_scale                     vm_math
     0000001D  b_vm_music_mute                    vm_music
     0000001D  b_vm_music_play                    vm_music
     0000001D  b_vm_music_routine                 vm_music
     0000001D  b_vm_music_setpos                  vm_music
     0000001D  b_vm_music_stop                    vm_music
     0000001D  b_vm_print_detect                  vm_gbprinter
     0000001D  b_vm_print_overlay                 vm_gbprinter
     0000001D  b_vm_projectile_launch             vm_projectiles
     0000001D  b_vm_projectile_load_type          vm_projectiles
     0000001D  b_vm_rtc_get                       vm_rtc
     0000001D  b_vm_rtc_latch                     vm_rtc
     0000001D  b_vm_rtc_set                       vm_rtc
     0000001D  b_vm_rtc_start                     vm_rtc
     0000001D  b_vm_save_clear                    vm_load_save
     0000001D  b_vm_save_peek                     vm_load_save
     0000001D  b_vm_scene_pop                     vm_scene
     0000001D  b_vm_scene_pop_all                 vm_scene
     0000001D  b_vm_scene_push                    vm_scene
     0000001D  b_vm_scene_stack_reset             vm_scene
     0000001D  b_vm_sfx_play                      vm_music
     0000001D  b_vm_sin_scale                     vm_math
     0000001D  b_vm_sound_mastervol               vm_music
     0000001E  ___bank_actor_31_interact          actor_31_interact
     0000001E  ___bank_actor_32_interact          actor_32_interact
     0000001E  ___bank_actor_33_interact          actor_33_interact
     0000001E  ___bank_actor_34_interact          actor_34_interact
     0000001E  ___bank_actor_35_interact          actor_35_interact
     0000001E  ___bank_actor_36_interact          actor_36_interact
     0000001E  ___bank_actor_37_interact          actor_37_interact
     0000001E  ___bank_actor_38_interact          actor_38_interact
     0000001E  ___bank_actor_39_interact          actor_39_interact
     0000001E  ___bank_actor_53_interact          actor_53_interact
     0000001E  ___bank_bg_ana_2_psimenu           bg_ana_2_psimenu
ASxxxx Linker V03.00 + NoICE + sdld,  page 14.
Hexadecimal  [32-Bits]

Area                                    Addr        Size        Decimal Bytes (Attributes)
--------------------------------        ----        ----        ------- ----- ------------
.  .ABS.                            00000000    00000000 =           0. bytes (ABS,CON)

      Value  Global                              Global Defined In Module
      -----  --------------------------------   ------------------------
     0000001E  ___bank_bg_ana_3_psimenu           bg_ana_3_psimenu
     0000001E  ___bank_bg_ana_full_psimenu        bg_ana_full_psimenu
     0000001E  ___bank_bg_battle_ali              bg_battle_ali
     0000001E  ___bank_bg_battle_baby             bg_battle_baby
     0000001E  ___bank_bg_battle_bippie           bg_battle_bippie
     0000001E  ___bank_bg_battle_centi            bg_battle_centi
     0000001E  ___bank_bg_battle_crow             bg_battle_crow
     0000001E  ___bank_bg_battle_dog              bg_battle_dog
     0000001E  ___bank_bg_battle_eli              bg_battle_eli
     0000001E  ___bank_bg_battle_farmer           bg_battle_farmer
     0000001E  ___bank_bg_battle_gorilla          bg_battle_gorilla
     0000001E  ___bank_bg_battle_hyena            bg_battle_hyena
     0000001E  ___bank_bg_battle_item_menu3       bg_battle_item_menu3
     0000001E  ___bank_bg_battle_rat              bg_battle_rat
     0000001E  ___bank_bg_battle_snake            bg_battle_snake
     0000001E  ___bank_bg_battle_starjr           bg_battle_starjr
     0000001E  ___bank_bg_battle_tiger            bg_battle_tiger
     0000001E  ___bank_bg_battlelamp              bg_battlelamp
     0000001E  ___bank_bg_between_ninten_podunk   bg_between_ninten_podunk
     0000001E  ___bank_bg_between_zoo_mcave       bg_between_zoo_mcave
     0000001E  ___bank_bg_canary_village          bg_canary_village
     0000001E  ___bank_bg_game_over               bg_game_over
     0000001E  ___bank_bg_intro_2                 bg_intro_2
     0000001E  ___bank_bg_intro_3                 bg_intro_3
     0000001E  ___bank_bg_item_menu               bg_item_menu
     0000001E  ___bank_bg_menu_no_onyx            bg_menu_no_onyx
     0000001E  ___bank_bg_menu_onyx               bg_menu_onyx
     0000001E  ___bank_bg_ninten_1_psimenu        bg_ninten_1_psimenu
     0000001E  ___bank_bg_ninten_2_psimenu        bg_ninten_2_psimenu
     0000001E  ___bank_bg_ninten_3_psimenu        bg_ninten_3_psimenu
     0000001E  ___bank_bg_ninten_full_psimenu     bg_ninten_full_psimenu
     0000001E  ___bank_bg_ninten_pippi            bg_ninten_pippi
     0000001E  ___bank_bg_nintenhouse_basement    bg_nintenhouse_basement
     0000001E  ___bank_bg_nintenhouse_bottomflo   bg_nintenhouse_bottomfloor
     0000001E  ___bank_bg_nintenhouse_hall        bg_nintenhouse_hall
     0000001E  ___bank_bg_nintenhouse_room        bg_nintenhouse_room
     0000001E  ___bank_bg_nintensroom             bg_nintensroom
     0000001E  ___bank_bg_stat_menu_ana           bg_stat_menu_ana
     0000001E  ___bank_bg_stat_menu_llyoid        bg_stat_menu_llyoid
     0000001E  ___bank_bg_stat_menu_ninten        bg_stat_menu_ninten
     0000001E  ___bank_bg_stat_menu_teddy         bg_stat_menu_teddy
     0000001E  ___bank_bg_story1                  bg_story1
     0000001E  ___bank_bg_story_2                 bg_story_2
     0000001E  ___bank_bg_story_3                 bg_story_3
     0000001E  ___bank_bg_zoo_1                   bg_zoo_1
     0000001E  ___bank_bg_zoo_2                   bg_zoo_2
     0000001E  ___bank_bg_zoo_3                   bg_zoo_3
     0000001E  ___bank_bg_zoo_4                   bg_zoo_4
     0000001E  ___bank_bg_zoo_5                   bg_zoo_5
     0000001E  ___bank_bg_zoo_bossroom            bg_zoo_bossroom
     0000001E  ___bank_bg_zoo_inside1             bg_zoo_inside1
ASxxxx Linker V03.00 + NoICE + sdld,  page 15.
Hexadecimal  [32-Bits]

Area                                    Addr        Size        Decimal Bytes (Attributes)
--------------------------------        ----        ----        ------- ----- ------------
.  .ABS.                            00000000    00000000 =           0. bytes (ABS,CON)

      Value  Global                              Global Defined In Module
      -----  --------------------------------   ------------------------
     0000001E  ___bank_bg_zoo_inside2             bg_zoo_inside2
     0000001E  ___bank_bg_zoo_office              bg_zoo_office
     0000001E  ___bank_palette_0                  palette_0
     0000001E  ___bank_palette_1                  palette_1
     0000001E  ___bank_scene_0                    scene_0
     0000001E  ___bank_scene_1                    scene_1
     0000001E  ___bank_scene_10                   scene_10
     0000001E  ___bank_scene_10_actors            scene_10_actors
     0000001E  ___bank_scene_10_init              scene_10_init
     0000001E  ___bank_scene_11                   scene_11
     0000001E  ___bank_scene_11_init              scene_11_init
     0000001E  ___bank_scene_12                   scene_12
     0000001E  ___bank_scene_13                   scene_13
     0000001E  ___bank_scene_13_init              scene_13_init
     0000001E  ___bank_scene_14                   scene_14
     0000001E  ___bank_scene_14_init              scene_14_init
     0000001E  ___bank_scene_15                   scene_15
     0000001E  ___bank_scene_15_init              scene_15_init
     0000001E  ___bank_scene_16                   scene_16
     0000001E  ___bank_scene_16_init              scene_16_init
     0000001E  ___bank_scene_17                   scene_17
     0000001E  ___bank_scene_18                   scene_18
     0000001E  ___bank_scene_19                   scene_19
     0000001E  ___bank_scene_2                    scene_2
     0000001E  ___bank_scene_20                   scene_20
     0000001E  ___bank_scene_21                   scene_21
     0000001E  ___bank_scene_21_init              scene_21_init
     0000001E  ___bank_scene_22                   scene_22
     0000001E  ___bank_scene_22_init              scene_22_init
     0000001E  ___bank_scene_23                   scene_23
     0000001E  ___bank_scene_23_init              scene_23_init
     0000001E  ___bank_scene_24                   scene_24
     0000001E  ___bank_scene_27                   scene_27
     0000001E  ___bank_scene_27_actors            scene_27_actors
     0000001E  ___bank_scene_28                   scene_28
     0000001E  ___bank_scene_28_init              scene_28_init
     0000001E  ___bank_scene_29                   scene_29
     0000001E  ___bank_scene_29_init              scene_29_init
     0000001E  ___bank_scene_3                    scene_3
     0000001E  ___bank_scene_30                   scene_30
     0000001E  ___bank_scene_30_init              scene_30_init
     0000001E  ___bank_scene_31                   scene_31
     0000001E  ___bank_scene_31_init              scene_31_init
     0000001E  ___bank_scene_33                   scene_33
     0000001E  ___bank_scene_33_actors            scene_33_actors
     0000001E  ___bank_scene_33_init              scene_33_init
     0000001E  ___bank_scene_33_sprites           scene_33_sprites
     0000001E  ___bank_scene_33_triggers          scene_33_triggers
     0000001E  ___bank_scene_34                   scene_34
     0000001E  ___bank_scene_35                   scene_35
     0000001E  ___bank_scene_36                   scene_36
ASxxxx Linker V03.00 + NoICE + sdld,  page 16.
Hexadecimal  [32-Bits]

Area                                    Addr        Size        Decimal Bytes (Attributes)
--------------------------------        ----        ----        ------- ----- ------------
.  .ABS.                            00000000    00000000 =           0. bytes (ABS,CON)

      Value  Global                              Global Defined In Module
      -----  --------------------------------   ------------------------
     0000001E  ___bank_scene_37                   scene_37
     0000001E  ___bank_scene_38                   scene_38
     0000001E  ___bank_scene_39                   scene_39
     0000001E  ___bank_scene_39_actors            scene_39_actors
     0000001E  ___bank_scene_39_init              scene_39_init
     0000001E  ___bank_scene_39_triggers          scene_39_triggers
     0000001E  ___bank_scene_3_actors             scene_3_actors
     0000001E  ___bank_scene_4                    scene_4
     0000001E  ___bank_scene_40                   scene_40
     0000001E  ___bank_scene_40_triggers          scene_40_triggers
     0000001E  ___bank_scene_41                   scene_41
     0000001E  ___bank_scene_41_sprites           scene_41_sprites
     0000001E  ___bank_scene_42                   scene_42
     0000001E  ___bank_scene_42_actors            scene_42_actors
     0000001E  ___bank_scene_42_init              scene_42_init
     0000001E  ___bank_scene_43                   scene_43
     0000001E  ___bank_scene_43_actors            scene_43_actors
     0000001E  ___bank_scene_43_init              scene_43_init
     0000001E  ___bank_scene_43_sprites           scene_43_sprites
     0000001E  ___bank_scene_44                   scene_44
     0000001E  ___bank_scene_44_init              scene_44_init
     0000001E  ___bank_scene_44_sprites           scene_44_sprites
     0000001E  ___bank_scene_45                   scene_45
     0000001E  ___bank_scene_45_actors            scene_45_actors
     0000001E  ___bank_scene_45_init              scene_45_init
     0000001E  ___bank_scene_45_sprites           scene_45_sprites
     0000001E  ___bank_scene_46                   scene_46
     0000001E  ___bank_scene_46_init              scene_46_init
     0000001E  ___bank_scene_47                   scene_47
     0000001E  ___bank_scene_48                   scene_48
     0000001E  ___bank_scene_49                   scene_49
     0000001E  ___bank_scene_5                    scene_5
     0000001E  ___bank_scene_50                   scene_50
     0000001E  ___bank_scene_51                   scene_51
     0000001E  ___bank_scene_52                   scene_52
     0000001E  ___bank_scene_53                   scene_53
     0000001E  ___bank_scene_53_init              scene_53_init
     0000001E  ___bank_scene_54                   scene_54
     0000001E  ___bank_scene_54_init              scene_54_init
     0000001E  ___bank_scene_55                   scene_55
     0000001E  ___bank_scene_55_init              scene_55_init
     0000001E  ___bank_scene_56                   scene_56
     0000001E  ___bank_scene_56_actors            scene_56_actors
     0000001E  ___bank_scene_57                   scene_57
     0000001E  ___bank_scene_57_actors            scene_57_actors
     0000001E  ___bank_scene_58                   scene_58
     0000001E  ___bank_scene_58_actors            scene_58_actors
     0000001E  ___bank_scene_58_init              scene_58_init
     0000001E  ___bank_scene_58_sprites           scene_58_sprites
     0000001E  ___bank_scene_59                   scene_59
     0000001E  ___bank_scene_59_init              scene_59_init
ASxxxx Linker V03.00 + NoICE + sdld,  page 17.
Hexadecimal  [32-Bits]

Area                                    Addr        Size        Decimal Bytes (Attributes)
--------------------------------        ----        ----        ------- ----- ------------
.  .ABS.                            00000000    00000000 =           0. bytes (ABS,CON)

      Value  Global                              Global Defined In Module
      -----  --------------------------------   ------------------------
     0000001E  ___bank_scene_5_init               scene_5_init
     0000001E  ___bank_scene_5_triggers           scene_5_triggers
     0000001E  ___bank_scene_6                    scene_6
     0000001E  ___bank_scene_6_actors             scene_6_actors
     0000001E  ___bank_scene_6_init               scene_6_init
     0000001E  ___bank_scene_6_sprites            scene_6_sprites
     0000001E  ___bank_scene_6_triggers           scene_6_triggers
     0000001E  ___bank_scene_7                    scene_7
     0000001E  ___bank_scene_7_actors             scene_7_actors
     0000001E  ___bank_scene_7_init               scene_7_init
     0000001E  ___bank_scene_7_sprites            scene_7_sprites
     0000001E  ___bank_scene_7_triggers           scene_7_triggers
     0000001E  ___bank_scene_8                    scene_8
     0000001E  ___bank_scene_9                    scene_9
     0000001E  ___bank_scene_9_actors             scene_9_actors
     0000001E  ___bank_scene_9_init               scene_9_init
     0000001E  ___bank_scene_9_sprites            scene_9_sprites
     0000001E  ___bank_scene_9_triggers           scene_9_triggers
     0000001E  ___bank_scene_logo                 scene_logo
     0000001E  ___bank_scene_logo_init            scene_logo_init
     0000001E  ___bank_scene_title_screen         scene_title_screen
     0000001E  ___bank_script_engine_init         
     0000001E  ___bank_script_input_0             script_input_0
     0000001E  ___bank_script_input_1             script_input_1
     0000001E  ___bank_script_input_10            script_input_10
     0000001E  ___bank_script_input_11            script_input_11
     0000001E  ___bank_script_input_12            script_input_12
     0000001E  ___bank_script_input_13            script_input_13
     0000001E  ___bank_script_input_14            script_input_14
     0000001E  ___bank_script_input_16            script_input_16
     0000001E  ___bank_script_input_18            script_input_18
     0000001E  ___bank_script_input_19            script_input_19
     0000001E  ___bank_script_input_2             script_input_2
     0000001E  ___bank_script_input_20            script_input_20
     0000001E  ___bank_script_input_21            script_input_21
     0000001E  ___bank_script_input_23            script_input_23
     0000001E  ___bank_script_input_24            script_input_24
     0000001E  ___bank_script_input_25            script_input_25
     0000001E  ___bank_script_input_26            script_input_26
     0000001E  ___bank_script_input_27            script_input_27
     0000001E  ___bank_script_input_28            script_input_28
     0000001E  ___bank_script_input_29            script_input_29
     0000001E  ___bank_script_input_3             script_input_3
     0000001E  ___bank_script_input_32            script_input_32
     0000001E  ___bank_script_input_36            script_input_36
     0000001E  ___bank_script_input_41            script_input_41
     0000001E  ___bank_script_input_45            script_input_45
     0000001E  ___bank_script_input_47            script_input_47
     0000001E  ___bank_script_input_48            script_input_48
     0000001E  ___bank_script_input_49            script_input_49
     0000001E  ___bank_script_input_5             script_input_5
ASxxxx Linker V03.00 + NoICE + sdld,  page 18.
Hexadecimal  [32-Bits]

Area                                    Addr        Size        Decimal Bytes (Attributes)
--------------------------------        ----        ----        ------- ----- ------------
.  .ABS.                            00000000    00000000 =           0. bytes (ABS,CON)

      Value  Global                              Global Defined In Module
      -----  --------------------------------   ------------------------
     0000001E  ___bank_script_input_53            script_input_53
     0000001E  ___bank_script_input_55            script_input_55
     0000001E  ___bank_script_input_6             script_input_6
     0000001E  ___bank_script_input_7             script_input_7
     0000001E  ___bank_script_input_9             script_input_9
     0000001E  ___bank_sound_legacy_0             sound_legacy_0
     0000001E  ___bank_sound_legacy_1             sound_legacy_1
     0000001E  ___bank_sound_legacy_11            sound_legacy_11
     0000001E  ___bank_sound_legacy_13            sound_legacy_13
     0000001E  ___bank_sound_legacy_14            sound_legacy_14
     0000001E  ___bank_sound_legacy_15            sound_legacy_15
     0000001E  ___bank_sound_legacy_16            sound_legacy_16
     0000001E  ___bank_sound_legacy_2             sound_legacy_2
     0000001E  ___bank_sound_legacy_4             sound_legacy_4
     0000001E  ___bank_sound_legacy_5             sound_legacy_5
     0000001E  ___bank_sound_legacy_6             sound_legacy_6
     0000001E  ___bank_sound_legacy_7             sound_legacy_7
     0000001E  ___bank_sound_legacy_8             sound_legacy_8
     0000001E  ___bank_sound_legacy_9             sound_legacy_9
     0000001E  ___bank_sprite_a_button            sprite_a_button
     0000001E  ___bank_sprite_a_button_tileset    sprite_a_button_tileset
     0000001E  ___bank_sprite_blkphone            sprite_blkphone
     0000001E  ___bank_sprite_blkphone_tileset    sprite_blkphone_tileset
     0000001E  ___bank_sprite_capsule             sprite_capsule
     0000001E  ___bank_sprite_capsule_tileset     sprite_capsule_tileset
     0000001E  ___bank_sprite_closed_present      sprite_closed_present
     0000001E  ___bank_sprite_closed_present_ti   sprite_closed_present_tilese
     0000001E  ___bank_sprite_doll                sprite_doll
     0000001E  ___bank_sprite_doll_tileset        sprite_doll_tileset
     0000001E  ___bank_sprite_flamingo            sprite_flamingo
     0000001E  ___bank_sprite_flamingo_tileset    sprite_flamingo_tileset
     0000001E  ___bank_sprite_lamp                sprite_lamp
     0000001E  ___bank_sprite_lamp_tileset        sprite_lamp_tileset
     0000001E  ___bank_sprite_ninten_dog          sprite_ninten_dog
     0000001E  ___bank_sprite_opened_present      sprite_opened_present
     0000001E  ___bank_sprite_opened_present_ti   sprite_opened_present_tilese
     0000001E  ___bank_sprite_panda               sprite_panda
     0000001E  ___bank_sprite_panda_tileset       sprite_panda_tileset
     0000001E  ___bank_sprite_pippi_mom           sprite_pippi_mom
     0000001E  ___bank_sprite_rabbit              sprite_rabbit
     0000001E  ___bank_sprite_signpost            sprite_signpost
     0000001E  ___bank_sprite_signpost_tileset    sprite_signpost_tileset
     0000001E  ___bank_sprite_twins               sprite_twins
     0000001E  ___bank_trigger_0_interact         trigger_0_interact
     0000001E  ___bank_trigger_10_interact        trigger_10_interact
     0000001E  ___bank_trigger_11_interact        trigger_11_interact
     0000001E  ___bank_trigger_12_interact        trigger_12_interact
     0000001E  ___bank_trigger_13_interact        trigger_13_interact
     0000001E  ___bank_trigger_14_interact        trigger_14_interact
     0000001E  ___bank_trigger_15_interact        trigger_15_interact
     0000001E  ___bank_trigger_16_interact        trigger_16_interact
ASxxxx Linker V03.00 + NoICE + sdld,  page 19.
Hexadecimal  [32-Bits]

Area                                    Addr        Size        Decimal Bytes (Attributes)
--------------------------------        ----        ----        ------- ----- ------------
.  .ABS.                            00000000    00000000 =           0. bytes (ABS,CON)

      Value  Global                              Global Defined In Module
      -----  --------------------------------   ------------------------
     0000001E  ___bank_trigger_17_interact        trigger_17_interact
     0000001E  ___bank_trigger_18_interact        trigger_18_interact
     0000001E  ___bank_trigger_19_interact        trigger_19_interact
     0000001E  ___bank_trigger_1_interact         trigger_1_interact
     0000001E  ___bank_trigger_20_interact        trigger_20_interact
     0000001E  ___bank_trigger_26_interact        trigger_26_interact
     0000001E  ___bank_trigger_2_interact         trigger_2_interact
     0000001E  ___bank_trigger_3_interact         trigger_3_interact
     0000001E  ___bank_trigger_44_interact        trigger_44_interact
     0000001E  ___bank_trigger_47_interact        trigger_47_interact
     0000001E  ___bank_trigger_48_interact        trigger_48_interact
     0000001E  ___bank_trigger_4_interact         trigger_4_interact
     0000001E  ___bank_trigger_5_interact         trigger_5_interact
     0000001E  ___bank_trigger_6_interact         trigger_6_interact
     0000001E  ___bank_trigger_7_interact         trigger_7_interact
     0000001E  ___bank_trigger_8_interact         trigger_8_interact
     0000001E  ___bank_trigger_9_interact         trigger_9_interact
     0000001E  b_CGBZeroPalette                   palette
     0000001E  b_SIO_init                         sio
     0000001E  b_logo_init                        logo
     0000001E  b_logo_update                      logo
     0000001E  b_palette_init                     palette
     0000001E  b_parallax_init                    parallax
     0000001E  b_remove_LCD_ISRs                  interrupts
     0000001E  b_scroll_rect                      
     00000027  l__GSINIT                       
     00000030  l__HEADER6                      
     0000004E  l__HEADER4                      
     00000082  l__HEADER10                     
     000001CB  l__CRASH_SCRATCH2               
     00000200  s__CODE                         
     00000C4E  l__CODE                         
     00000E4E  s__HOME                         
     0000197F  l__DATA                         
     00002000  _rROMB0                            
     00002C81  l__HOME                         
     00002F00  l__CODE_30                      
     00003000  _rROMB1                            
     00003ACF  s__BASE                         
     00003ACF  s__CODE_0                       
     00003ACF  s__INITIALIZER                  
     00003ACF  s__LIT                          
     00003AE8  s__GSINIT                       
     00003B0F  s__GSFINAL                      
     00003FFE  l__CODE_16                      
     00003FFE  l__CODE_18                      
     00003FFF  l__CODE_14                      
     00003FFF  l__CODE_17                      
     00003FFF  l__CODE_2                       
     00003FFF  l__CODE_20                      
     00003FFF  l__CODE_22                      
ASxxxx Linker V03.00 + NoICE + sdld,  page 20.
Hexadecimal  [32-Bits]

Area                                    Addr        Size        Decimal Bytes (Attributes)
--------------------------------        ----        ----        ------- ----- ------------
.  .ABS.                            00000000    00000000 =           0. bytes (ABS,CON)

      Value  Global                              Global Defined In Module
      -----  --------------------------------   ------------------------
     00003FFF  l__CODE_27                      
     00003FFF  l__CODE_28                      
     00003FFF  l__CODE_4                       
     00003FFF  l__CODE_6                       
     00003FFF  l__CODE_8                       
     00004000  _RTC_SELECT_REG                    vm_rtc
     00004000  _rRAMB                             
     00004000  l__CODE_1                       
     00004000  l__CODE_10                      
     00004000  l__CODE_11                      
     00004000  l__CODE_12                      
     00004000  l__CODE_13                      
     00004000  l__CODE_15                      
     00004000  l__CODE_19                      
     00004000  l__CODE_21                      
     00004000  l__CODE_23                      
     00004000  l__CODE_24                      
     00004000  l__CODE_25                      
     00004000  l__CODE_26                      
     00004000  l__CODE_29                      
     00004000  l__CODE_3                       
     00004000  l__CODE_5                       
     00004000  l__CODE_7                       
     00004000  l__CODE_9                       
     00006000  _RTC_LATCH_REG                     vm_rtc
     00008000  __VRAM                             
     00008000  __VRAM8000                         
     00008800  __VRAM8800                         
     00009000  __VRAM9000                         
     00009800  __SCRN0                            
     00009C00  __SCRN1                            
     0000A000  _RTC_VALUE_REG                     vm_rtc
     0000A000  __SRAM                             
     0000C000  __RAM                              
     0000C000  _shadow_OAM                     
     0000C0A0  s__DATA                         
     0000D000  __RAMBANK                          
     0000DA1F  s__BSS                          
     0000DA1F  s__INITIALIZED                  
     0000DA38  s__HEAP                         
     0000DF00  .STACK                          
     0000DF00  _shadow_OAM2                       absolute
     0000DFA0  _BkgPalette                        absolute
     0000DFE0  _vwf_tile_data                     absolute
     0000FE00  __OAMRAM                           
     0000FF00  _P1_REG                            
     0000FF00  __IO                               
     0000FF01  _SB_REG                            
     0000FF02  _SC_REG                            
     0000FF04  _DIV_REG                           
     0000FF05  _TIMA_REG                          
ASxxxx Linker V03.00 + NoICE + sdld,  page 21.
Hexadecimal  [32-Bits]

Area                                    Addr        Size        Decimal Bytes (Attributes)
--------------------------------        ----        ----        ------- ----- ------------
.  .ABS.                            00000000    00000000 =           0. bytes (ABS,CON)

      Value  Global                              Global Defined In Module
      -----  --------------------------------   ------------------------
     0000FF06  _TMA_REG                           
     0000FF07  _TAC_REG                           
     0000FF0F  _IF_REG                            
     0000FF10  _NR10_REG                          
     0000FF11  _NR11_REG                          
     0000FF12  _NR12_REG                          
     0000FF13  _NR13_REG                          
     0000FF14  _NR14_REG                          
     0000FF16  _NR21_REG                          
     0000FF17  _NR22_REG                          
     0000FF18  _NR23_REG                          
     0000FF19  _NR24_REG                          
     0000FF1A  _NR30_REG                          
     0000FF1B  _NR31_REG                          
     0000FF1C  _NR32_REG                          
     0000FF1D  _NR33_REG                          
     0000FF1E  _NR34_REG                          
     0000FF20  _NR41_REG                          
     0000FF21  _NR42_REG                          
     0000FF22  _NR43_REG                          
     0000FF23  _NR44_REG                          
     0000FF24  _NR50_REG                          
     0000FF25  _NR51_REG                          
     0000FF26  _NR52_REG                          
     0000FF30  _AUD3WAVE                          
     0000FF30  _PCM_SAMPLE                        
     0000FF30  __AUD3WAVERAM                      
     0000FF40  _LCDC_REG                          
     0000FF41  _STAT_REG                          
     0000FF42  _SCY_REG                           
     0000FF43  _SCX_REG                           
     0000FF44  _LY_REG                            
     0000FF45  _LYC_REG                           
     0000FF46  _DMA_REG                           
     0000FF47  _BGP_REG                           
     0000FF48  _OBP0_REG                          
     0000FF49  _OBP1_REG                          
     0000FF4A  _WY_REG                            
     0000FF4B  _WX_REG                            
     0000FF4D  _KEY1_REG                          
     0000FF4F  _VBK_REG                           
     0000FF51  _HDMA1_REG                         
     0000FF52  _HDMA2_REG                         
     0000FF53  _HDMA3_REG                         
     0000FF54  _HDMA4_REG                         
     0000FF55  _HDMA5_REG                         
     0000FF56  _RP_REG                            
     0000FF68  _BCPS_REG                          
     0000FF69  _BCPD_REG                          
     0000FF6A  _OCPS_REG                          
     0000FF6B  _OCPD_REG                          
ASxxxx Linker V03.00 + NoICE + sdld,  page 22.
Hexadecimal  [32-Bits]

Area                                    Addr        Size        Decimal Bytes (Attributes)
--------------------------------        ----        ----        ------- ----- ------------
.  .ABS.                            00000000    00000000 =           0. bytes (ABS,CON)

      Value  Global                              Global Defined In Module
      -----  --------------------------------   ------------------------
     0000FF70  _SVBK_REG                          
     0000FF76  _PCM12_REG                         
     0000FF77  _PCM34_REG                         
     0000FF80  .refresh_OAM                    
     0000FF80  __HRAM                             
     0000FFFF  _IE_REG                            
     00014000  s__CODE_1                       
     00024000  s__CODE_2                       
     00034000  s__CODE_3                       
     00044000  s__CODE_4                       
     00054000  s__CODE_5                       
     00064000  s__CODE_6                       
     00074000  s__CODE_7                       
     00084000  s__CODE_8                       
     00094000  s__CODE_9                       
     000A4000  s__CODE_10                      
     000B4000  s__CODE_11                      
     000C4000  s__CODE_12                      
     000D4000  s__CODE_13                      
     000E4000  s__CODE_14                      
     000F4000  s__CODE_15                      
     00104000  s__CODE_16                      
     00114000  s__CODE_17                      
     00124000  s__CODE_18                      
     00134000  s__CODE_19                      
     00144000  s__CODE_20                      
     00154000  s__CODE_21                      
     00164000  s__CODE_22                      
     00174000  s__CODE_23                      
     00184000  s__CODE_24                      
     00194000  s__CODE_25                      
     001A4000  s__CODE_26                      
     001B4000  s__CODE_27                      
     001C4000  s__CODE_28                      
     001D4000  s__CODE_29                      
     001E4000  s__CODE_30                      

ASxxxx Linker V03.00 + NoICE + sdld,  page 23.
Hexadecimal  [32-Bits]

Area                                    Addr        Size        Decimal Bytes (Attributes)
--------------------------------        ----        ----        ------- ----- ------------
_CODE                               00000200    00000C4E =        3150. bytes (REL,CON)

      Value  Global                              Global Defined In Module
      -----  --------------------------------   ------------------------
     00000200  ___HandleCrash                     
     0000020A  _SIO_send_byte                     
     0000021D  _SIO_receive                       
     0000022E  _SetTile                           
     0000023D  _set_win_tile_xy                   
     00000242  _set_bkg_tile_xy                   
     00000265  _GetWinAddr                        
     0000026D  _GetBkgAddr                        
     0000027B  _state_init                        
     00000280  _state_update                      
     000002A2  _ui_time_masks                     
     000002AA  _ui_print_shift_char               
     0000032D  _ui_draw_frame_row                 
     00000336  .ui_draw_frame_row                 
     0000035F  _script_cmds                       vm_instructions
     00000593  _save_signature                    game_signature
     00000597  _start_scene_x                     
[...]
                                          [ script_input_41 ]
C:/Users/Ellen/AppData/Local/Temp/_gbsbuild/obj/script_input_42.rel
                                          [ script_input_42 ]
C:/Users/Ellen/AppData/Local/Temp/_gbsbuild/obj/script_input_43.rel
                                          [ script_input_43 ]
C:/Users/Ellen/AppData/Local/Temp/_gbsbuild/obj/script_input_44.rel
                                          [ script_input_44 ]
C:/Users/Ellen/AppData/Local/Temp/_gbsbuild/obj/script_input_45.rel
                                          [ script_input_45 ]
C:/Users/Ellen/AppData/Local/Temp/_gbsbuild/obj/script_input_46.rel
                                          [ script_input_46 ]
C:/Users/Ellen/AppData/Local/Temp/_gbsbuild/obj/script_input_47.rel
                                          [ script_input_47 ]
C:/Users/Ellen/AppData/Local/Temp/_gbsbuild/obj/script_input_48.rel
                                          [ script_input_48 ]
C:/Users/Ellen/AppData/Local/Temp/_gbsbuild/obj/script_input_49.rel
                                          [ script_input_49 ]
C:/Users/Ellen/AppData/Local/Temp/_gbsbuild/obj/script_input_5.rel
                                          [ script_input_5 ]
C:/Users/Ellen/AppData/Local/Temp/_gbsbuild/obj/script_input_50.rel
                                          [ script_input_50 ]
C:/Users/Ellen/AppData/Local/Temp/_gbsbuild/obj/script_input_51.rel
                                          [ script_input_51 ]
C:/Users/Ellen/AppData/Local/Temp/_gbsbuild/obj/script_input_52.rel
                                          [ script_input_52 ]
C:/Users/Ellen/AppData/Local/Temp/_gbsbuild/obj/script_input_53.rel
                                          [ script_input_53 ]
C:/Users/Ellen/AppData/Local/Temp/_gbsbuild/obj/script_input_54.rel
                                          [ script_input_54 ]
C:/Users/Ellen/AppData/Local/Temp/_gbsbuild/obj/script_input_55.rel
                                          [ script_input_55 ]
C:/Users/Ellen/AppData/Local/Temp/_gbsbuild/obj/script_input_56.rel
                                          [ script_input_56 ]
C:/Users/Ellen/AppData/Local/Temp/_gbsbuild/obj/script_input_57.rel
                                          [ script_input_57 ]
C:/Users/Ellen/AppData/Local/Temp/_gbsbuild/obj/script_input_58.rel
                                          [ script_input_58 ]
C:/Users/Ellen/AppData/Local/Temp/_gbsbuild/obj/script_input_59.rel
                                          [ script_input_59 ]
C:/Users/Ellen/AppData/Local/Temp/_gbsbuild/obj/script_input_6.rel
                                          [ script_input_6 ]
C:/Users/Ellen/AppData/Local/Temp/_gbsbuild/obj/script_input_7.rel
                                          [ script_input_7 ]
C:/Users/Ellen/AppData/Local/Temp/_gbsbuild/obj/script_input_8.rel
                                          [ script_input_8 ]
C:/Users/Ellen/AppData/Local/Temp/_gbsbuild/obj/script_input_9.rel
                                          [ script_input_9 ]
C:/Users/Ellen/AppData/Local/Temp/_gbsbuild/obj/sound_legacy_0.rel
                                          [ sound_legacy_0 ]
C:/Users/Ellen/AppData/Local/Temp/_gbsbuild/obj/sound_legacy_1.rel
                                          [ sound_legacy_1 ]
C:/Users/Ellen/AppData/Local/Temp/_gbsbuild/obj/sound_legacy_10.rel
                                          [ sound_legacy_10 ]
C:/Users/Ellen/AppData/Local/Temp/_gbsbuild/obj/sound_legacy_11.rel
                                          [ sound_legacy_11 ]
C:/Users/Ellen/AppData/Local/Temp/_gbsbuild/obj/sound_legacy_12.rel
                                          [ sound_legacy_12 ]
C:/Users/Ellen/AppData/Local/Temp/_gbsbuild/obj/sound_legacy_13.rel
                                          [ sound_legacy_13 ]
C:/Users/Ellen/AppData/Local/Temp/_gbsbuild/obj/sound_legacy_14.rel
                                          [ sound_legacy_14 ]
C:/Users/Ellen/AppData/Local/Temp/_gbsbuild/obj/sound_legacy_15.rel
                                          [ sound_legacy_15 ]
C:/Users/Ellen/AppData/Local/Temp/_gbsbuild/obj/sound_legacy_16.rel
                                          [ sound_legacy_16 ]
C:/Users/Ellen/AppData/Local/Temp/_gbsbuild/obj/sound_legacy_2.rel
                                          [ sound_legacy_2 ]
C:/Users/Ellen/AppData/Local/Temp/_gbsbuild/obj/sound_legacy_3.rel
                                          [ sound_legacy_3 ]
C:/Users/Ellen/AppData/Local/Temp/_gbsbuild/obj/sound_legacy_4.rel
                                          [ sound_legacy_4 ]
C:/Users/Ellen/AppData/Local/Temp/_gbsbuild/obj/sound_legacy_5.rel
                                          [ sound_legacy_5 ]
C:/Users/Ellen/AppData/Local/Temp/_gbsbuild/obj/sound_legacy_6.rel
                                          [ sound_legacy_6 ]
C:/Users/Ellen/AppData/Local/Temp/_gbsbuild/obj/sound_legacy_7.rel
                                          [ sound_legacy_7 ]
C:/Users/Ellen/AppData/Local/Temp/_gbsbuild/obj/sound_legacy_8.rel
                                          [ sound_legacy_8 ]
C:/Users/Ellen/AppData/Local/Temp/_gbsbuild/obj/sound_legacy_9.rel
                                          [ sound_legacy_9 ]
C:/Users/Ellen/AppData/Local/Temp/_gbsbuild/obj/sprite_a_button_tileset.rel
                                          [ sprite_a_button_tileset ]
C:/Users/Ellen/AppData/Local/Temp/_gbsbuild/obj/sprite_a_button.rel
                                          [ sprite_a_button ]
C:/Users/Ellen/AppData/Local/Temp/_gbsbuild/obj/sprite_ana_tileset.rel
                                          [ sprite_ana_tileset ]
C:/Users/Ellen/AppData/Local/Temp/_gbsbuild/obj/sprite_ana.rel
                                          [ sprite_ana ]
C:/Users/Ellen/AppData/Local/Temp/_gbsbuild/obj/sprite_blkphone_tileset.rel
                                          [ sprite_blkphone_tileset ]
C:/Users/Ellen/AppData/Local/Temp/_gbsbuild/obj/sprite_blkphone.rel
                                          [ sprite_blkphone ]
C:/Users/Ellen/AppData/Local/Temp/_gbsbuild/obj/sprite_canary_tileset.rel
                                          [ sprite_canary_tileset ]
C:/Users/Ellen/AppData/Local/Temp/_gbsbuild/obj/sprite_canary.rel
                                          [ sprite_canary ]
C:/Users/Ellen/AppData/Local/Temp/_gbsbuild/obj/sprite_capsule_tileset.rel
                                          [ sprite_capsule_tileset ]
C:/Users/Ellen/AppData/Local/Temp/_gbsbuild/obj/sprite_capsule.rel
                                          [ sprite_capsule ]
C:/Users/Ellen/AppData/Local/Temp/_gbsbuild/obj/sprite_closed_present_tileset.rel
                                          [ sprite_closed_present_tileset ]
C:/Users/Ellen/AppData/Local/Temp/_gbsbuild/obj/sprite_closed_present.rel
                                          [ sprite_closed_present ]
C:/Users/Ellen/AppData/Local/Temp/_gbsbuild/obj/sprite_doll_tileset.rel
                                          [ sprite_doll_tileset ]
C:/Users/Ellen/AppData/Local/Temp/_gbsbuild/obj/sprite_doll.rel
                                          [ sprite_doll ]
C:/Users/Ellen/AppData/Local/Temp/_gbsbuild/obj/sprite_flamingo_tileset.rel
                                          [ sprite_flamingo_tileset ]
C:/Users/Ellen/AppData/Local/Temp/_gbsbuild/obj/sprite_flamingo.rel
                                          [ sprite_flamingo ]
C:/Users/Ellen/AppData/Local/Temp/_gbsbuild/obj/sprite_lamp_tileset.rel
                                          [ sprite_lamp_tileset ]
C:/Users/Ellen/AppData/Local/Temp/_gbsbuild/obj/sprite_lamp.rel
                                          [ sprite_lamp ]
C:/Users/Ellen/AppData/Local/Temp/_gbsbuild/obj/sprite_llyoid_tileset.rel
                                          [ sprite_llyoid_tileset ]
C:/Users/Ellen/AppData/Local/Temp/_gbsbuild/obj/sprite_llyoid.rel
                                          [ sprite_llyoid ]
C:/Users/Ellen/AppData/Local/Temp/_gbsbuild/obj/sprite_monkey_tileset.rel
                                          [ sprite_monkey_tileset ]
C:/Users/Ellen/AppData/Local/Temp/_gbsbuild/obj/sprite_monkey.rel
                                          [ sprite_monkey ]
C:/Users/Ellen/AppData/Local/Temp/_gbsbuild/obj/sprite_ninten_2_tileset.rel
                                          [ sprite_ninten_2_tileset ]
C:/Users/Ellen/AppData/Local/Temp/_gbsbuild/obj/sprite_ninten_2.rel
                                          [ sprite_ninten_2 ]
C:/Users/Ellen/AppData/Local/Temp/_gbsbuild/obj/sprite_ninten_dog_tileset.rel
                                          [ sprite_ninten_dog_tileset ]
C:/Users/Ellen/AppData/Local/Temp/_gbsbuild/obj/sprite_ninten_dog.rel
                                          [ sprite_ninten_dog ]
C:/Users/Ellen/AppData/Local/Temp/_gbsbuild/obj/sprite_nintens_mom_tileset.rel
                                          [ sprite_nintens_mom_tileset ]
C:/Users/Ellen/AppData/Local/Temp/_gbsbuild/obj/sprite_nintens_mom.rel
                                          [ sprite_nintens_mom ]
C:/Users/Ellen/AppData/Local/Temp/_gbsbuild/obj/sprite_numbers_tileset.rel
                                          [ sprite_numbers_tileset ]
C:/Users/Ellen/AppData/Local/Temp/_gbsbuild/obj/sprite_numbers.rel
                                          [ sprite_numbers ]
C:/Users/Ellen/AppData/Local/Temp/_gbsbuild/obj/sprite_opened_present_tileset.rel
                                          [ sprite_opened_present_tileset ]
C:/Users/Ellen/AppData/Local/Temp/_gbsbuild/obj/sprite_opened_present.rel
                                          [ sprite_opened_present ]
C:/Users/Ellen/AppData/Local/Temp/_gbsbuild/obj/sprite_panda_tileset.rel
                                          [ sprite_panda_tileset ]
C:/Users/Ellen/AppData/Local/Temp/_gbsbuild/obj/sprite_panda.rel
                                          [ sprite_panda ]
C:/Users/Ellen/AppData/Local/Temp/_gbsbuild/obj/sprite_pippi_mom_tileset.rel
                                          [ sprite_pippi_mom_tileset ]
C:/Users/Ellen/AppData/Local/Temp/_gbsbuild/obj/sprite_pippi_mom.rel
                                          [ sprite_pippi_mom ]
C:/Users/Ellen/AppData/Local/Temp/_gbsbuild/obj/sprite_police_tileset.rel
                                          [ sprite_police_tileset ]
C:/Users/Ellen/AppData/Local/Temp/_gbsbuild/obj/sprite_police.rel
                                          [ sprite_police ]
C:/Users/Ellen/AppData/Local/Temp/_gbsbuild/obj/sprite_rabbit_tileset.rel
                                          [ sprite_rabbit_tileset ]
C:/Users/Ellen/AppData/Local/Temp/_gbsbuild/obj/sprite_rabbit.rel
                                          [ sprite_rabbit ]
C:/Users/Ellen/AppData/Local/Temp/_gbsbuild/obj/sprite_signpost_tileset.rel
                                          [ sprite_signpost_tileset ]
C:/Users/Ellen/AppData/Local/Temp/_gbsbuild/obj/sprite_signpost.rel
                                          [ sprite_signpost ]
C:/Users/Ellen/AppData/Local/Temp/_gbsbuild/obj/sprite_teddy_tileset.rel
                                          [ sprite_teddy_tileset ]
C:/Users/Ellen/AppData/Local/Temp/_gbsbuild/obj/sprite_teddy.rel
                                          [ sprite_teddy ]
C:/Users/Ellen/AppData/Local/Temp/_gbsbuild/obj/sprite_twins_tileset.rel
                                          [ sprite_twins_tileset ]
C:/Users/Ellen/AppData/Local/Temp/_gbsbuild/obj/sprite_twins.rel
                                          [ sprite_twins ]
C:/Users/Ellen/AppData/Local/Temp/_gbsbuild/obj/spritesheet_none.rel
                                          [ spritesheet_none ]
C:/Users/Ellen/AppData/Local/Temp/_gbsbuild/obj/trigger_0_interact.rel
                                          [ trigger_0_interact ]
C:/Users/Ellen/AppData/Local/Temp/_gbsbuild/obj/trigger_1_interact.rel
                                          [ trigger_1_interact ]
C:/Users/Ellen/AppData/Local/Temp/_gbsbuild/obj/trigger_10_interact.rel
                                          [ trigger_10_interact ]
C:/Users/Ellen/AppData/Local/Temp/_gbsbuild/obj/trigger_11_interact.rel
                                          [ trigger_11_interact ]
C:/Users/Ellen/AppData/Local/Temp/_gbsbuild/obj/trigger_12_interact.rel
                                          [ trigger_12_interact ]
C:/Users/Ellen/AppData/Local/Temp/_gbsbuild/obj/trigger_13_interact.rel
                                          [ trigger_13_interact ]
C:/Users/Ellen/AppData/Local/Temp/_gbsbuild/obj/trigger_14_interact.rel
                                          [ trigger_14_interact ]
C:/Users/Ellen/AppData/Local/Temp/_gbsbuild/obj/trigger_15_interact.rel
                                          [ trigger_15_interact ]
C:/Users/Ellen/AppData/Local/Temp/_gbsbuild/obj/trigger_16_interact.rel
                                          [ trigger_16_interact ]
C:/Users/Ellen/AppData/Local/Temp/_gbsbuild/obj/trigger_17_interact.rel
                                          [ trigger_17_interact ]
C:/Users/Ellen/AppData/Local/Temp/_gbsbuild/obj/trigger_18_interact.rel
                                          [ trigger_18_interact ]
C:/Users/Ellen/AppData/Local/Temp/_gbsbuild/obj/trigger_19_interact.rel
                                          [ trigger_19_interact ]
C:/Users/Ellen/AppData/Local/Temp/_gbsbuild/obj/trigger_2_interact.rel
                                          [ trigger_2_interact ]
C:/Users/Ellen/AppData/Local/Temp/_gbsbuild/obj/trigger_20_interact.rel
                                          [ trigger_20_interact ]
C:/Users/Ellen/AppData/Local/Temp/_gbsbuild/obj/trigger_26_interact.rel
                                          [ trigger_26_interact ]
C:/Users/Ellen/AppData/Local/Temp/_gbsbuild/obj/trigger_3_interact.rel
                                          [ trigger_3_interact ]
C:/Users/Ellen/AppData/Local/Temp/_gbsbuild/obj/trigger_4_interact.rel
                                          [ trigger_4_interact ]
C:/Users/Ellen/AppData/Local/Temp/_gbsbuild/obj/trigger_44_interact.rel
                                          [ trigger_44_interact ]
C:/Users/Ellen/AppData/Local/Temp/_gbsbuild/obj/trigger_47_interact.rel
                                          [ trigger_47_interact ]
C:/Users/Ellen/AppData/Local/Temp/_gbsbuild/obj/trigger_48_interact.rel
                                          [ trigger_48_interact ]
C:/Users/Ellen/AppData/Local/Temp/_gbsbuild/obj/trigger_5_interact.rel
                                          [ trigger_5_interact ]
C:/Users/Ellen/AppData/Local/Temp/_gbsbuild/obj/trigger_6_interact.rel
                                          [ trigger_6_interact ]
C:/Users/Ellen/AppData/Local/Temp/_gbsbuild/obj/trigger_7_interact.rel
                                          [ trigger_7_interact ]
C:/Users/Ellen/AppData/Local/Temp/_gbsbuild/obj/trigger_8_interact.rel
                                          [ trigger_8_interact ]
C:/Users/Ellen/AppData/Local/Temp/_gbsbuild/obj/trigger_9_interact.rel
                                          [ trigger_9_interact ]
C:/Users/Ellen/AppData/Local/Temp/_gbsbuild/obj/main.rel
                                          [ main ]
C:/Users/Ellen/AppData/Local/Temp/_gbsbuild/obj/adventure.rel
                                          [ adventure ]
C:/Users/Ellen/AppData/Local/Temp/_gbsbuild/obj/logo.rel
                                          [ logo ]
C:/Users/Ellen/AppData/Local/Temp/_gbsbuild/obj/platform.rel
                                          [ platform ]
C:/Users/Ellen/AppData/Local/Temp/_gbsbuild/obj/pointnclick.rel
                                          [ pointnclick ]
C:/Users/Ellen/AppData/Local/Temp/_gbsbuild/obj/shmup.rel
                                          [ shmup ]
C:/Users/Ellen/AppData/Local/Temp/_gbsbuild/obj/states_ptrs.rel
                                          [  ]
C:/Users/Ellen/AppData/Local/Temp/_gbsbuild/obj/topdown.rel
                                          [ topdown ]


Libraries Linked                          [ object file ]

C:\Users\Ellen\AppData\Local\Temp/_gbstools/gbdk/lib/small/asxxxx/gb/gb.lib
                                          [ fill_rect_wi.o ]
C:\Users\Ellen\AppData\Local\Temp/_gbstools/gbdk/lib/small/asxxxx/gbz80/gbz80.lib
                                          [ rand.o ]
lib/hUGEDriver.lib                        [ hUGEDriver.obj.o ]
C:\Users\Ellen\AppData\Local\Temp/_gbstools/gbdk/lib/small/asxxxx/gb/gb.lib
                                          [ sfr.o ]
C:\Users\Ellen\AppData\Local\Temp/_gbstools/gbdk/lib/small/asxxxx/gb/gb.lib
                                          [ get_data.o ]
C:\Users\Ellen\AppData\Local\Temp/_gbstools/gbdk/lib/small/asxxxx/gb/gb.lib
                                          [ get_tile.o ]
C:\Users\Ellen\AppData\Local\Temp/_gbstools/gbdk/lib/small/asxxxx/gb/gb.lib
                                          [ cgb_palettes.o ]
C:\Users\Ellen\AppData\Local\Temp/_gbstools/gbdk/lib/small/asxxxx/gb/gb.lib
                                          [ metasprites_hide_spr.o ]
C:\Users\Ellen\AppData\Local\Temp/_gbstools/gbdk/lib/small/asxxxx/gbz80/gbz80.lib
                                          [ mul.o ]
C:\Users\Ellen\AppData\Local\Temp/_gbstools/gbdk/lib/small/asxxxx/gbz80/gbz80.lib
                                          [ abs.o ]
C:\Users\Ellen\AppData\Local\Temp/_gbstools/gbdk/lib/small/asxxxx/gb/gb.lib
                                          [ set_wi_t.o ]
C:\Users\Ellen\AppData\Local\Temp/_gbstools/gbdk/lib/small/asxxxx/gb/gb.lib
                                          [ set_data.o ]
C:\Users\Ellen\AppData\Local\Temp/_gbstools/gbdk/lib/small/asxxxx/gbz80/gbz80.lib
                                          [ reverse.o ]
C:\Users\Ellen\AppData\Local\Temp/_gbstools/gbdk/lib/small/asxxxx/gb/gb.lib
                                          [ far_ptr.o ]
C:\Users\Ellen\AppData\Local\Temp/_gbstools/gbdk/lib/small/asxxxx/gb/gb.lib
                                          [ sgb.o ]
C:\Users\Ellen\AppData\Local\Temp/_gbstools/gbdk/lib/small/asxxxx/gb/gb.lib
                                          [ lcd.o ]
C:\Users\Ellen\AppData\Local\Temp/_gbstools/gbdk/lib/small/asxxxx/gb/gb.lib
                                          [ fill_rect.o ]
C:\Users\Ellen\AppData\Local\Temp/_gbstools/gbdk/lib/small/asxxxx/gb/gb.lib
                                          [ cpy_data.o ]
C:\Users\Ellen\AppData\Local\Temp/_gbstools/gbdk/lib/small/asxxxx/gb/gb.lib
                                          [ fill_rect_bk.o ]
C:\Users\Ellen\AppData\Local\Temp/_gbstools/gbdk/lib/small/asxxxx/gb/gb.lib
                                          [ pad.o ]
C:\Users\Ellen\AppData\Local\Temp/_gbstools/gbdk/lib/small/asxxxx/gb/gb.lib
                                          [ metasprites.o ]
C:\Users\Ellen\AppData\Local\Temp/_gbstools/gbdk/lib/small/asxxxx/gbz80/gbz80.lib
                                          [ __sdcc_call_hl.o ]
C:\Users\Ellen\AppData\Local\Temp/_gbstools/gbdk/lib/small/asxxxx/gbz80/gbz80.lib
                                          [ _memcpy.o ]
C:\Users\Ellen\AppData\Local\Temp/_gbstools/gbdk/lib/small/asxxxx/gbz80/gbz80.lib
                                          [ _memset.o ]
C:\Users\Ellen\AppData\Local\Temp/_gbstools/gbdk/lib/small/asxxxx/gb/gb.lib
                                          [ set_xy_t.o ]
C:\Users\Ellen\AppData\Local\Temp/_gbstools/gbdk/lib/small/asxxxx/gb/gb.lib
                                          [ cgb.o ]
C:\Users\Ellen\AppData\Local\Temp/_gbstools/gbdk/lib/small/asxxxx/gbz80/gbz80.lib
                                          [ div.o ]
C:\Users\Ellen\AppData\Local\Temp/_gbstools/gbdk/lib/small/asxxxx/gb/gb.lib
                                          [ set_bk_t.o ]

ASxxxx Linker V03.00 + NoICE + sdld,  page 113.

User Base Address Definitions

_DATA=0xC0A0
_CODE=0x0200
ASxxxx Linker V03.00 + NoICE + sdld,  page 114.

User Global Definitions

.STACK=0xDF00
_shadow_OAM=0xC000
.refresh_OAM=0xFF80
__start_save=28

