ASxxxx Linker V03.00 + NoICE + sdld,  page 1.
Hexadecimal  [32-Bits]

Area                                    Addr        Size        Decimal Bytes (Attributes)
--------------------------------        ----        ----        ------- ----- ------------
.  .ABS.                            00000000    00000000 =           0. bytes (ABS,CON)

      Value  Global                              Global Defined In Module
      -----  --------------------------------   ------------------------
     00000000  .__.ABS.                           
     00000000  _rRAMG                             
     00000000  l__BASE                         
     00000000  l__BSS                          
     00000000  l__CABS                         
     00000000  l__CODE_0                       
     00000000  l__CRASH_HEADER                 
     00000000  l__CRASH_SCRATCH                
     00000000  l__DABS                         
     00000000  l__EHL_TRAMPOLINE               
     00000000  l__HEADER                       
     00000000  l__HEADER_LCD                   
     00000000  l__HEADER_SIO                   
     00000000  l__HEADER_TIMER                 
     00000000  l__HEAP                         
     00000000  l__HRAM                         
     00000000  l__LIT                          
     00000000  s__CABS                         
     00000000  s__CRASH_HEADER                 
     00000000  s__CRASH_HEADER0                
     00000000  s__CRASH_HEADER1                
     00000000  s__CRASH_SCRATCH                
     00000000  s__CRASH_SCRATCH2               
     00000000  s__DABS                         
     00000000  s__EHL_TRAMPOLINE               
     00000000  s__EHL_TRAMPOLINE0              
     00000000  s__HEADER                       
     00000000  s__HEADER0                      
     00000000  s__HEADER1                      
     00000000  s__HEADER10                     
     00000000  s__HEADER11                     
     00000000  s__HEADER2                      
     00000000  s__HEADER3                      
     00000000  s__HEADER4                      
     00000000  s__HEADER5                      
     00000000  s__HEADER6                      
     00000000  s__HEADER7                      
     00000000  s__HEADER8                      
     00000000  s__HEADER9                      
     00000000  s__HEADER_LCD                   
     00000000  s__HEADER_LCD0                  
     00000000  s__HEADER_SIO                   
     00000000  s__HEADER_SIO0                  
     00000000  s__HEADER_TIMER                 
     00000000  s__HEADER_TIMER0                
     00000000  s__HEADERa                      
     00000000  s__HEADERb                      
     00000000  s__HEADERc                      
     00000000  s__HEADERd                      
     00000000  s__HEADERe                      
ASxxxx Linker V03.00 + NoICE + sdld,  page 2.
Hexadecimal  [32-Bits]

Area                                    Addr        Size        Decimal Bytes (Attributes)
--------------------------------        ----        ----        ------- ----- ------------
.  .ABS.                            00000000    00000000 =           0. bytes (ABS,CON)

      Value  Global                              Global Defined In Module
      -----  --------------------------------   ------------------------
     00000000  s__HEADERf                      
     00000000  s__HRAM                         
     00000000  s__HRAM12                       
     00000001  ___bank_VM_SGB                     vm_sgb
     00000001  ___bank_bg_magicant_castle_groun   bg_magicant_castle_grounds_t
     00000001  ___bank_scene_125_sprites          scene_125_sprites
     00000001  ___mute_mask_sound_legacy_12       sound_legacy_12
     00000001  ___mute_mask_sound_legacy_16       sound_legacy_16
     00000001  ___mute_mask_sound_legacy_17       sound_legacy_17
     00000001  ___mute_mask_sound_legacy_3        sound_legacy_3
     00000001  b_do_load_palette                  data_manager
     00000001  b_load_background                  data_manager
     00000001  b_load_bkg_tileset                 data_manager
     00000001  b_load_bounds                      data_manager
     00000001  b_load_emote                       data_manager
     00000001  b_load_init                        data_manager
     00000001  b_load_player                      data_manager
     00000001  b_load_scene                       data_manager
     00000001  b_load_sprite                      data_manager
     00000001  b_ui_draw_frame                    ui
     00000001  b_ui_draw_text_buffer_char         ui
     00000001  b_ui_init                          ui
     00000001  b_ui_load_tiles                    ui
     00000001  b_ui_run_menu                      ui
     00000001  b_ui_run_modal                     ui
     00000001  b_ui_set_start_tile                ui
     00000001  l__GSFINAL                      
     00000001  l__HEADER0                      
     00000001  l__HEADER11                     
     00000001  l__HEADER9                      
     00000001  l__HEADERa                      
     00000001  l__HEADERb                      
     00000001  l__HEADERd                      
     00000001  l__HEADERe                      
     00000002  ___bank_bg_crystal_cavern11_tile   bg_crystal_cavern11_tilemap_
     00000002  ___bank_bg_crystal_caverns2_tile   bg_crystal_caverns2_tilemap_
     00000002  ___bank_script_0                   script_0
     00000002  ___bank_sound_legacy_3             sound_legacy_3
     00000002  l__HEADER5                      
     00000002  l__HEADERc                      
     00000002  l__HEADERf                      
     00000003  ___bank_bg_crystal_cavern11_tile   bg_crystal_cavern11_tilemap
     00000003  ___bank_bg_crystal_caverns2_tile   bg_crystal_caverns2_tilemap
     00000003  ___bank_scene_0_sprites            scene_0_sprites
     00000003  b_SIO_init                         sio
     00000003  l__HEADER8                      
     00000003  l__HEADER_LCD0                  
     00000003  l__HRAM12                       
     00000004  ___bank_bg_crystal_caverns3_tile   bg_crystal_caverns3_tilemap
     00000004  ___bank_scene_107_collisions       scene_107_collisions
     00000004  ___bank_scene_127_sprites          scene_127_sprites
ASxxxx Linker V03.00 + NoICE + sdld,  page 3.
Hexadecimal  [32-Bits]

Area                                    Addr        Size        Decimal Bytes (Attributes)
--------------------------------        ----        ----        ------- ----- ------------
.  .ABS.                            00000000    00000000 =           0. bytes (ABS,CON)

      Value  Global                              Global Defined In Module
      -----  --------------------------------   ------------------------
     00000004  ___bank_script_input_3             script_input_3
     00000004  l__CRASH_HEADER1                
     00000004  l__HEADER_SIO0                  
     00000004  l__HEADER_TIMER0                
     00000005  ___bank_actor_31_interact          actor_31_interact
     00000005  ___bank_scene_143_init             scene_143_init
     00000005  ___bank_song_song_template_2_Dat   song_song_template_2_Data
     00000005  l__CRASH_HEADER0                
     00000005  l__HEADER1                      
     00000006  ___bank_actor_183_interact         actor_183_interact
     00000006  ___bank_scene_62_init              scene_62_init
     00000006  ___bank_song_song_template_1_Dat   song_song_template_1_Data
     00000006  l__HEADER7                      
     00000007  ___bank_actor_166_interact         actor_166_interact
     00000007  ___bank_actor_1_update             actor_1_update
     00000007  ___bank_scene_65_init              scene_65_init
     00000007  l__HEADER2                      
     00000008  ___bank_actor_59_interact          actor_59_interact
     00000008  ___bank_bg_magicant_town_tileset   bg_magicant_town_tileset
     00000008  ___bank_scene_49_init              scene_49_init
     00000008  ___mute_mask_sound_legacy_0        sound_legacy_0
     00000008  ___mute_mask_sound_legacy_1        sound_legacy_1
     00000008  ___mute_mask_sound_legacy_10       sound_legacy_10
     00000008  ___mute_mask_sound_legacy_11       sound_legacy_11
     00000008  ___mute_mask_sound_legacy_13       sound_legacy_13
     00000008  ___mute_mask_sound_legacy_14       sound_legacy_14
     00000008  ___mute_mask_sound_legacy_15       sound_legacy_15
     00000008  ___mute_mask_sound_legacy_18       sound_legacy_18
     00000008  ___mute_mask_sound_legacy_2        sound_legacy_2
     00000008  ___mute_mask_sound_legacy_4        sound_legacy_4
     00000008  ___mute_mask_sound_legacy_5        sound_legacy_5
     00000008  ___mute_mask_sound_legacy_6        sound_legacy_6
     00000008  ___mute_mask_sound_legacy_7        sound_legacy_7
     00000008  ___mute_mask_sound_legacy_8        sound_legacy_8
     00000008  ___mute_mask_sound_legacy_9        sound_legacy_9
     00000008  l__HEADER3                      
     00000009  ___bank_bg_duncan_8_tileset        bg_duncan_8_tileset
     00000009  ___bank_bg_merrysville_tileset     bg_merrysville_tileset
     00000009  ___bank_scene_138_init             scene_138_init
     0000000A  ___bank_actor_177_interact         actor_177_interact
     0000000A  ___bank_scene_110_init             scene_110_init
     0000000A  ___bank_song_song_template_24_Da   song_song_template_24_Data
     0000000B  ___bank_bg_battle_ghost_tileset    bg_battle_ghost_tileset
     0000000B  ___bank_scene_114_init             scene_114_init
     0000000B  ___bank_scene_128_sprites          scene_128_sprites
     0000000B  ___bank_song_song_template_23_Da   song_song_template_23_Data
     0000000C  ___bank_actor_97_interact          actor_97_interact
     0000000C  ___bank_bg_merrysville2_tileset    bg_merrysville2_tileset
     0000000C  ___bank_scene_115_init             scene_115_init
     0000000C  ___bank_scene_129_sprites          scene_129_sprites
     0000000D  ___bank_bg_department3_tileset     bg_department3_tileset
ASxxxx Linker V03.00 + NoICE + sdld,  page 4.
Hexadecimal  [32-Bits]

Area                                    Addr        Size        Decimal Bytes (Attributes)
--------------------------------        ----        ----        ------- ----- ------------
.  .ABS.                            00000000    00000000 =           0. bytes (ABS,CON)

      Value  Global                              Global Defined In Module
      -----  --------------------------------   ------------------------
     0000000D  ___bank_scene_100_collisions       scene_100_collisions
     0000000D  ___bank_scene_109_init             scene_109_init
     0000000E  ___bank_actor_126_interact         actor_126_interact
     0000000E  ___bank_scene_101_collisions       scene_101_collisions
     0000000E  ___bank_scene_126_sprites          scene_126_sprites
     0000000E  ___bank_scene_140_init             scene_140_init
     0000000F  ___bank_bg_story_2_tileset         bg_story_2_tileset
     0000000F  ___bank_scene_141_init             scene_141_init
     00000010  ___bank_bg_battle_crow_tileset     bg_battle_crow_tileset
     00000010  ___bank_scene_102_collisions       scene_102_collisions
     00000010  ___bank_scene_116_init             scene_116_init
     00000010  ___bank_scene_92_init              scene_92_init
     00000011  ___bank_bg_hotel2_tileset          bg_hotel2_tileset
     00000011  ___bank_scene_103_collisions       scene_103_collisions
     00000011  ___bank_scene_63_init              scene_63_init
     00000011  l__EHL_TRAMPOLINE0              
     00000012  ___bank_scene_111_init             scene_111_init
     00000012  ___bank_scene_123_init             scene_123_init
     00000012  ___bank_scene_130_sprites          scene_130_sprites
     00000013  ___bank_scene_104_collisions       scene_104_collisions
     00000013  ___bank_scene_18_init              scene_18_init
     00000013  ___bank_scene_19_init              scene_19_init
     00000013  ___bank_scene_1_sprites            scene_1_sprites
     00000014  ___bank_actor_8_interact           actor_8_interact
     00000014  ___bank_scene_105_collisions       scene_105_collisions
     00000014  ___bank_scene_107_sprites          scene_107_sprites
     00000014  ___bank_scene_150_init             scene_150_init
     00000015  ___bank_actor_142_interact         actor_142_interact
     00000015  ___bank_scene_106_collisions       scene_106_collisions
     00000015  ___bank_scene_117_init             scene_117_init
     00000016  ___bank_bg_battle_baglady_tilese   bg_battle_baglady_tileset
     00000016  ___bank_scene_134_sprites          scene_134_sprites
     00000016  ___bank_scene_139_init             scene_139_init
     00000016  ___bank_scene_95_collisions        scene_95_collisions
     00000017  ___bank_bg_battle_madcar_tileset   bg_battle_madcar_tileset
     00000017  ___bank_scene_133_sprites          scene_133_sprites
     00000017  ___bank_scene_47_init              scene_47_init
     00000017  ___bank_scene_96_collisions        scene_96_collisions
     00000018  ___bank_bg_battle_psychocar_tile   bg_battle_psychocar_tileset
     00000018  ___bank_scene_151_sprites          scene_151_sprites
     00000018  ___bank_scene_50_init              scene_50_init
     00000018  ___bank_scene_97_collisions        scene_97_collisions
     00000019  ___bank_actor_190_interact         actor_190_interact
     00000019  ___bank_scene_124_sprites          scene_124_sprites
     00000019  ___bank_scene_35_init              scene_35_init
     00000019  ___bank_scene_98_collisions        scene_98_collisions
     00000019  l__INITIALIZED                  
     00000019  l__INITIALIZER                  
     0000001A  ___bank_bg_battle_fish_tileset     bg_battle_fish_tileset
     0000001A  ___bank_scene_118_init             scene_118_init
     0000001A  ___bank_scene_99_collisions        scene_99_collisions
ASxxxx Linker V03.00 + NoICE + sdld,  page 5.
Hexadecimal  [32-Bits]

Area                                    Addr        Size        Decimal Bytes (Attributes)
--------------------------------        ----        ----        ------- ----- ------------
.  .ABS.                            00000000    00000000 =           0. bytes (ABS,CON)

      Value  Global                              Global Defined In Module
      -----  --------------------------------   ------------------------
     0000001A  b_scroll_rect                      
     0000001B  ___bank_scene_155_sprites          scene_155_sprites
     0000001B  ___bank_scene_24_init              scene_24_init
     0000001B  ___bank_song_song_template_3_Dat   song_song_template_3_Data
     0000001B  b_fade_applypalettechange          fade_manager
     0000001B  b_fade_in                          fade_manager
     0000001B  b_fade_in_modal                    fade_manager
     0000001B  b_fade_init                        fade_manager
     0000001B  b_fade_out                         fade_manager
     0000001B  b_fade_out_modal                   fade_manager
     0000001B  b_fade_setspeed                    fade_manager
     0000001B  b_fade_update                      fade_manager
     0000001C  ___bank_bg_department1_tileset     bg_department1_tileset
     0000001C  ___bank_scene_48_init              scene_48_init
     0000001C  ___bank_song_song_template_6_Dat   song_song_template_6_Data
     0000001C  ___bank_sound_legacy_16            sound_legacy_16
     0000001D  ___bank_VM_UI                      vm_ui
     0000001D  ___bank_bg_battle_fugitive_tiles   bg_battle_fugitive_tileset
     0000001D  ___bank_scene_113_init             scene_113_init
     0000001D  ___bank_scene_135_sprites          scene_135_sprites
     0000001D  b_vm_choice                        vm_ui
     0000001D  b_vm_display_text                  vm_ui
     0000001D  b_vm_overlay_clear                 vm_ui
     0000001D  b_vm_overlay_move_to               vm_ui
     0000001D  b_vm_overlay_scroll                vm_ui
     0000001D  b_vm_overlay_set_map               vm_ui
     0000001D  b_vm_overlay_set_scroll            vm_ui
     0000001D  b_vm_overlay_set_submap            vm_ui
     0000001D  b_vm_overlay_set_submap_ex         vm_ui
     0000001D  b_vm_overlay_setpos                vm_ui
     0000001D  b_vm_overlay_show                  vm_ui
     0000001D  b_vm_overlay_wait                  vm_ui
     0000001D  b_vm_set_font                      vm_ui
     0000001D  b_vm_set_text_sound                vm_ui
     0000001D  b_vm_switch_text_layer             vm_ui
     0000001E  ___bank_bg_burger_store_tilemap_   bg_burger_store_tilemap_attr
     0000001E  ___bank_scene_121_triggers         scene_121_triggers
     0000001E  ___bank_scene_136_init             scene_136_init
     0000001E  ___bank_song_song_template_22_Da   song_song_template_22_Data
     0000001F  ___bank_bg_battle_magicsnail_til   bg_battle_magicsnail_tileset
     0000001F  ___bank_bg_merrys_school_tileset   bg_merrys_school_tileset
     0000001F  ___bank_bootstrap_script           
     0000001F  ___bank_scene_148_init             scene_148_init
     00000020  ___bank_actor_169_interact         actor_169_interact
     00000020  ___bank_bg_game_over_tileset       bg_game_over_tileset
     00000020  ___bank_scene_149_init             scene_149_init
     00000020  ___bank_sound_legacy_12            sound_legacy_12
     00000021  ___bank_bg_battle_raebyddet_tile   bg_battle_raebyddet_tileset
     00000021  ___bank_bg_crystal_cavern11_tile   bg_crystal_cavern11_tileset
     00000021  ___bank_scene_38_init              scene_38_init
     00000021  ___bank_script_input_10            script_input_10
ASxxxx Linker V03.00 + NoICE + sdld,  page 6.
Hexadecimal  [32-Bits]

Area                                    Addr        Size        Decimal Bytes (Attributes)
--------------------------------        ----        ----        ------- ----- ------------
.  .ABS.                            00000000    00000000 =           0. bytes (ABS,CON)

      Value  Global                              Global Defined In Module
      -----  --------------------------------   ------------------------
     00000022  ___bank_bg_rooftop_tileset         bg_rooftop_tileset
     00000022  ___bank_bg_school_class2_tileset   bg_school_class2_tileset
     00000022  ___bank_scene_51_init              scene_51_init
     00000022  ___bank_script_input_12            script_input_12
     00000023  ___bank_bg_battle_wolf_tileset     bg_battle_wolf_tileset
     00000023  ___bank_scene_147_init             scene_147_init
     00000023  ___bank_scene_152_sprites          scene_152_sprites
     00000023  b_adventure_init                   adventure
     00000023  b_adventure_update                 adventure
     00000024  ___bank_bg_crystal_cavern12_tile   bg_crystal_cavern12_tileset
     00000024  ___bank_scene_156_sprites          scene_156_sprites
     00000024  ___bank_scene_37_init              scene_37_init
     00000024  b_shmup_init                       shmup
     00000024  b_shmup_update                     shmup
     00000025  ___bank_bg_hotel1_tileset          bg_hotel1_tileset
     00000025  ___bank_scene_34_init              scene_34_init
     00000025  ___bank_script_input_17            script_input_17
     00000025  b_scroll_init                      scroll
     00000025  b_scroll_repaint                   scroll
     00000025  b_scroll_reset                     scroll
     00000025  b_scroll_update                    scroll
     00000026  ___bank_actor_170_interact         actor_170_interact
     00000026  ___bank_scene_157_sprites          scene_157_sprites
     00000026  ___bank_scene_36_init              scene_36_init
     00000026  b_topdown_init                     topdown
     00000026  b_topdown_update                   topdown
     00000027  ___bank_bg_cemetery_tileset        bg_cemetery_tileset
     00000027  ___bank_bg_school_janitor_tilese   bg_school_janitor_tileset
     00000027  ___bank_scene_4_init               scene_4_init
     00000027  l__GSINIT                       
     00000028  ___bank_bg_canary_village_tilese   bg_canary_village_tileset
     00000028  ___bank_bg_ninten_pippi_tileset    bg_ninten_pippi_tileset
     00000028  ___bank_scene_144_init             scene_144_init
     00000028  ___bank_script_input_2             script_input_2
     00000029  ___bank_VM_GAMEBOY                 vm_gameboy
     00000029  ___bank_bg_battle_eli_tileset      bg_battle_eli_tileset
     00000029  ___bank_scene_127_triggers         scene_127_triggers
     00000029  ___bank_scene_137_init             scene_137_init
     00000029  b_vm_context_prepare               vm_gameboy
     00000029  b_vm_fade                          vm_gameboy
     00000029  b_vm_get_tile_xy                   vm_gameboy
     00000029  b_vm_input_attach                  vm_gameboy
     00000029  b_vm_input_detach                  vm_gameboy
     00000029  b_vm_input_get                     vm_gameboy
     00000029  b_vm_input_wait                    vm_gameboy
     00000029  b_vm_load_tiles                    vm_gameboy
     00000029  b_vm_load_tileset                  vm_gameboy
     00000029  b_vm_poll                          vm_gameboy
     00000029  b_vm_replace_tile                  vm_gameboy
     00000029  b_vm_replace_tile_xy               vm_gameboy
     00000029  b_vm_rumble                        vm_gameboy
ASxxxx Linker V03.00 + NoICE + sdld,  page 7.
Hexadecimal  [32-Bits]

Area                                    Addr        Size        Decimal Bytes (Attributes)
--------------------------------        ----        ----        ------- ----- ------------
.  .ABS.                            00000000    00000000 =           0. bytes (ABS,CON)

      Value  Global                              Global Defined In Module
      -----  --------------------------------   ------------------------
     00000029  b_vm_set_sprite_mode               vm_gameboy
     00000029  b_vm_set_sprites_visible           vm_gameboy
     00000029  b_vm_timer_prepare                 vm_gameboy
     00000029  b_vm_timer_reset                   vm_gameboy
     00000029  b_vm_timer_set                     vm_gameboy
     00000029  b_vm_timer_stop                    vm_gameboy
     0000002A  ___bank_bg_zoo_2_tilemap_attr      bg_zoo_2_tilemap_attr
     0000002A  ___bank_scene_142_init             scene_142_init
     0000002A  ___bank_scene_16_sprites           scene_16_sprites
     0000002A  ___bank_script_6                   script_6
     0000002B  ___bank_bg_well_area_magicant_ti   bg_well_area_magicant_tilese
     0000002B  ___bank_bg_zoo_2_tilemap           bg_zoo_2_tilemap
     0000002B  ___bank_scene_129_triggers         scene_129_triggers
     0000002B  ___bank_scene_146_init             scene_146_init
     0000002C  ___bank_bg_ninten_3_psimenu_tile   bg_ninten_3_psimenu_tileset
     0000002C  ___bank_scene_166_sprites          scene_166_sprites
     0000002C  ___bank_scene_52_init              scene_52_init
     0000002C  b_projectile_launch                projectiles
     0000002C  b_projectiles_init                 projectiles
     0000002D  ___bank_bg_battle_woodoh_tileset   bg_battle_woodoh_tileset
     0000002D  ___bank_bg_ninten_full_psimenu_t   bg_ninten_full_psimenu_tiles
     0000002D  ___bank_scene_145_init             scene_145_init
     0000002E  ___bank_bg_magicant_fountain_til   bg_magicant_fountain_tileset
     0000002E  ___bank_bg_nintenhouse_bottomflo   bg_nintenhouse_bottomfloor_t
     0000002E  ___bank_scene_17_init              scene_17_init
     0000002E  ___bank_sound_legacy_2             sound_legacy_2
     0000002F  ___bank_bg_nintenhouse_room_tile   bg_nintenhouse_room_tileset
     0000002F  ___bank_bg_podunk_1_tileset        bg_podunk_1_tileset
     0000002F  ___bank_scene_64_init              scene_64_init
     0000002F  ___bank_sound_legacy_8             sound_legacy_8
     00000030  ___bank_actor_147_interact         actor_147_interact
     00000030  ___bank_scene_112_init             scene_112_init
     00000030  ___bank_song_song_template_11_Da   song_song_template_11_Data
     00000030  l__HEADER6                      
     00000031  ___bank_actor_156_interact         actor_156_interact
     00000031  ___bank_bg_magicant_castle_groun   bg_magicant_castle_grounds_t
     00000031  ___bank_scene_59_init              scene_59_init
     00000032  ___bank_bg_well_area_magicant_ti   bg_well_area_magicant_tilema
     00000032  ___bank_scene_120_init             scene_120_init
     00000032  ___bank_script_input_4             script_input_4
     00000033  ___bank_bg_sweets_inner_room_til   bg_sweets_inner_room_tileset
     00000033  ___bank_scene_119_init             scene_119_init
     00000033  ___bank_song_song_template_20_Da   song_song_template_20_Data
     00000034  ___bank_actor_86_interact          actor_86_interact
     00000034  ___bank_bg_well_area_magicant_ti   bg_well_area_magicant_tilema
     00000034  ___bank_scene_8_init               scene_8_init
     00000035  ___bank_actor_103_interact         actor_103_interact
     00000035  ___bank_scene_183_init             scene_183_init
     00000035  ___bank_scene_94_collisions        scene_94_collisions
     00000036  ___bank_bg_magicant_castle_groun   bg_magicant_castle_grounds_t
     00000036  ___bank_bg_merrys_school_tilemap   bg_merrys_school_tilemap_att
ASxxxx Linker V03.00 + NoICE + sdld,  page 8.
Hexadecimal  [32-Bits]

Area                                    Addr        Size        Decimal Bytes (Attributes)
--------------------------------        ----        ----        ------- ----- ------------
.  .ABS.                            00000000    00000000 =           0. bytes (ABS,CON)

      Value  Global                              Global Defined In Module
      -----  --------------------------------   ------------------------
     00000036  ___bank_bg_zoo_3_tilemap           bg_zoo_3_tilemap
     00000036  ___bank_scene_160_sprites          scene_160_sprites
     00000037  ___bank_bg_magicant_town_tilemap   bg_magicant_town_tilemap
     00000037  ___bank_bg_merrys_school_tilemap   bg_merrys_school_tilemap
     00000037  ___bank_bg_zoo_4_tilemap           bg_zoo_4_tilemap
     00000037  ___bank_scene_162_sprites          scene_162_sprites
     00000038  ___bank_bg_merrysville_tilemap     bg_merrysville_tilemap
     00000038  ___bank_bg_zoo_5_tilemap           bg_zoo_5_tilemap
     00000038  ___bank_scene_163_sprites          scene_163_sprites
     00000038  ___bank_scene_68_collisions        scene_68_collisions
     00000039  ___bank_bg_merrysville2_tilemap    bg_merrysville2_tilemap
     00000039  ___bank_scene_164_sprites          scene_164_sprites
     00000039  ___bank_scene_43_collisions        scene_43_collisions
     00000039  ___bank_scene_91_collisions        scene_91_collisions
     0000003A  ___bank_bg_ana_2_psimenu           bg_ana_2_psimenu
     0000003A  ___bank_bg_battle_snake_tileset    bg_battle_snake_tileset
     0000003A  ___bank_bg_duncan_outside_tilema   bg_duncan_outside_tilemap_at
     0000003A  ___bank_bg_rooftop_tilemap_attr    bg_rooftop_tilemap_attr
     0000003B  ___bank_bg_ana_3_psimenu           bg_ana_3_psimenu
     0000003B  ___bank_bg_department_pet_tilese   bg_department_pet_tileset
     0000003B  ___bank_bg_duncan_outside_tilema   bg_duncan_outside_tilemap
     0000003B  ___bank_bg_rooftop_tilemap         bg_rooftop_tilemap
     0000003C  ___bank_bg_southmerrysville_tile   bg_southmerrysville_tilemap
     0000003C  ___bank_scene_0_actors             scene_0_actors
     0000003C  ___bank_scene_161_collisions       scene_161_collisions
     0000003C  ___bank_scene_162_triggers         scene_162_triggers
     0000003D  ___bank_actor_3_interact           actor_3_interact
     0000003D  ___bank_bg_ninten_pippi_tilemap_   bg_ninten_pippi_tilemap_attr
     0000003D  ___bank_bg_zoo_office_tileset      bg_zoo_office_tileset
     0000003D  ___bank_scene_122_collisions       scene_122_collisions
     0000003D  ___bank_scene_132_sprites          scene_132_sprites
     0000003E  ___bank_bg_battle_centi_tileset    bg_battle_centi_tileset
     0000003E  ___bank_bg_ninten_pippi_tilemap    bg_ninten_pippi_tilemap
     0000003E  ___bank_bg_queen_marys_hall_tile   bg_queen_marys_hall_tilemap_
     0000003E  ___bank_scene_165_sprites          scene_165_sprites
     0000003E  ___bank_scene_182_collisions       scene_182_collisions
     0000003E  ___bank_sound_legacy_18            sound_legacy_18
     0000003F  ___bank_actor_132_interact         actor_132_interact
     0000003F  ___bank_scene_124_collisions       scene_124_collisions
     0000003F  ___bank_scene_125_collisions       scene_125_collisions
     0000003F  ___bank_song_song_template_9_Dat   song_song_template_9_Data
     00000040  ___bank_bg_battle_skunk_tileset    bg_battle_skunk_tileset
     00000040  ___bank_scene_126_collisions       scene_126_collisions
     00000040  ___bank_scene_167_sprites          scene_167_sprites
     00000040  ___bank_scene_33_collisions        scene_33_collisions
     00000040  b_platform_init                    platform
     00000040  b_platform_update                  platform
     00000041  ___bank_ACTOR                      actor
     00000041  ___bank_bg_podunk_1_tilemap        bg_podunk_1_tilemap
     00000041  ___bank_bg_podunk_1_tilemap_attr   bg_podunk_1_tilemap_attr
     00000041  ___bank_scene_156_init             scene_156_init
ASxxxx Linker V03.00 + NoICE + sdld,  page 9.
Hexadecimal  [32-Bits]

Area                                    Addr        Size        Decimal Bytes (Attributes)
--------------------------------        ----        ----        ------- ----- ------------
.  .ABS.                            00000000    00000000 =           0. bytes (ABS,CON)

      Value  Global                              Global Defined In Module
      -----  --------------------------------   ------------------------
     00000041  b_activate_actor                   actor
     00000041  b_activate_actors_in_col           actor
     00000041  b_activate_actors_in_row           actor
     00000041  b_actor_at_tile                    actor
     00000041  b_actor_get_frame_offset           actor
     00000041  b_actor_in_front_of_player         actor
     00000041  b_actor_overlapping_bb             actor
     00000041  b_actor_overlapping_player         actor
     00000041  b_actor_set_anim_idle              actor
     00000041  b_actor_set_anim_moving            actor
     00000041  b_actor_set_dir                    actor
     00000041  b_actor_set_frame_offset           actor
     00000041  b_actor_set_frames                 actor
     00000041  b_actors_handle_player_collision   actor
     00000041  b_actors_init                      actor
     00000041  b_check_collision_in_direction     actor
     00000041  b_deactivate_actor                 actor
     00000041  b_player_init                      actor
     00000042  ___bank_VM_ACTOR                   vm_actor
     00000042  ___bank_bg_ana_2_psimenu_tilemap   bg_ana_2_psimenu_tilemap_att
     00000042  ___bank_bg_crystal_cavern12_tile   bg_crystal_cavern12_tilemap_
     00000042  ___bank_bg_queen_marys_hall_tile   bg_queen_marys_hall_tilemap
     00000042  ___bank_scene_25_collisions        scene_25_collisions
     00000042  b_vm_actor_activate                vm_actor
     00000042  b_vm_actor_deactivate              vm_actor
     00000042  b_vm_actor_emote                   vm_actor
     00000042  b_vm_actor_get_angle               vm_actor
     00000042  b_vm_actor_get_anim_frame          vm_actor
     00000042  b_vm_actor_get_dir                 vm_actor
     00000042  b_vm_actor_get_pos                 vm_actor
     00000042  b_vm_actor_move_cancel             vm_actor
     00000042  b_vm_actor_move_to                 vm_actor
     00000042  b_vm_actor_replace_tile            vm_actor
     00000042  b_vm_actor_set_anim                vm_actor
     00000042  b_vm_actor_set_anim_frame          vm_actor
     00000042  b_vm_actor_set_anim_set            vm_actor
     00000042  b_vm_actor_set_anim_tick           vm_actor
     00000042  b_vm_actor_set_bounds              vm_actor
     00000042  b_vm_actor_set_dir                 vm_actor
     00000042  b_vm_actor_set_flags               vm_actor
     00000042  b_vm_actor_set_move_speed          vm_actor
     00000042  b_vm_actor_set_pos                 vm_actor
     00000042  b_vm_actor_set_spritesheet         vm_actor
     00000042  b_vm_actor_set_spritesheet_by_re   vm_actor
     00000042  b_vm_actor_terminate_update        vm_actor
     00000043  ___bank_actor_152_interact         actor_152_interact
     00000043  ___bank_bg_crystal_cavern12_tile   bg_crystal_cavern12_tilemap
     00000043  ___bank_font_gbs_mono              font_gbs_mono
     00000043  ___bank_scene_108_collisions       scene_108_collisions
     00000043  ___bank_script_10                  script_10
     00000044  ___bank_VM_MAIN                    vm
ASxxxx Linker V03.00 + NoICE + sdld,  page 10.
Hexadecimal  [32-Bits]

Area                                    Addr        Size        Decimal Bytes (Attributes)
--------------------------------        ----        ----        ------- ----- ------------
.  .ABS.                            00000000    00000000 =           0. bytes (ABS,CON)

      Value  Global                              Global Defined In Module
      -----  --------------------------------   ------------------------
     00000044  ___bank_bg_canary_village_tilema   bg_canary_village_tilemap
     00000044  ___bank_bg_canary_village_tilema   bg_canary_village_tilemap_at
     00000044  ___bank_scene_157_init             scene_157_init
     00000044  ___bank_script_8                   script_8
     00000044  b_script_detach_hthread            vm
     00000044  b_script_execute                   vm
     00000044  b_script_runner_init               vm
     00000044  b_script_terminate                 vm
     00000044  b_vm_call                          vm
     00000044  b_vm_call_far                      vm
     00000044  b_vm_get_indirect                  vm
     00000044  b_vm_get_int16                     vm
     00000044  b_vm_get_int8                      vm
     00000044  b_vm_get_tlocal                    vm
     00000044  b_vm_get_uint8                     vm
     00000044  b_vm_idle                          vm
     00000044  b_vm_if                            vm
     00000044  b_vm_if_const                      vm
     00000044  b_vm_init_rng                      vm
     00000044  b_vm_invoke                        vm
     00000044  b_vm_join                          vm
     00000044  b_vm_jump                          vm
     00000044  b_vm_lock                          vm
     00000044  b_vm_loop                          vm
     00000044  b_vm_memcpy                        vm
     00000044  b_vm_memset                        vm
     00000044  b_vm_poll_loaded                   vm
     00000044  b_vm_pop                           vm
     00000044  b_vm_push                          vm
     00000044  b_vm_push_reference                vm
     00000044  b_vm_push_value                    vm
     00000044  b_vm_push_value_ind                vm
     00000044  b_vm_raise                         vm
     00000044  b_vm_rand                          vm
     00000044  b_vm_reserve                       vm
     00000044  b_vm_ret                           vm
     00000044  b_vm_ret_far                       vm
     00000044  b_vm_set                           vm
     00000044  b_vm_set_const                     vm
     00000044  b_vm_set_const_int16               vm
     00000044  b_vm_set_const_int8                vm
     00000044  b_vm_set_indirect                  vm
     00000044  b_vm_set_int16                     vm
     00000044  b_vm_set_int8                      vm
     00000044  b_vm_set_uint8                     vm
     00000044  b_vm_terminate                     vm
     00000044  b_vm_test_terminate                vm
     00000044  b_vm_unlock                        vm
     00000044  b_wait_frames                      vm
     00000045  ___bank_actor_163_interact         actor_163_interact
     00000045  ___bank_bg_cemetery_tilemap        bg_cemetery_tilemap
ASxxxx Linker V03.00 + NoICE + sdld,  page 11.
Hexadecimal  [32-Bits]

Area                                    Addr        Size        Decimal Bytes (Attributes)
--------------------------------        ----        ----        ------- ----- ------------
.  .ABS.                            00000000    00000000 =           0. bytes (ABS,CON)

      Value  Global                              Global Defined In Module
      -----  --------------------------------   ------------------------
     00000045  ___bank_bg_cemetery_tilemap_attr   bg_cemetery_tilemap_attr
     00000045  ___bank_scene_40_collisions        scene_40_collisions
     00000045  ___bank_script_12                  script_12
     00000046  ___bank_actor_95_interact          actor_95_interact
     00000046  ___bank_bg_battle_groucho_tilese   bg_battle_groucho_tileset
     00000046  ___bank_scene_168_sprites          scene_168_sprites
     00000046  ___bank_scene_60_collisions        scene_60_collisions
     00000046  ___bank_script_2                   script_2
     00000046  ___bank_song_song_template_10_Da   song_song_template_10_Data
     00000046  ___bank_sound_legacy_10            sound_legacy_10
     00000047  ___bank_actor_98_interact          actor_98_interact
     00000047  ___bank_bg_school_2_tilemap_attr   bg_school_2_tilemap_attr
     00000047  ___bank_bg_school_entrance_tilem   bg_school_entrance_tilemap
     00000047  ___bank_bg_school_entrance_tilem   bg_school_entrance_tilemap_a
     00000047  ___bank_song_song_template_21_Da   song_song_template_21_Data
     00000047  ___bank_song_template_0_Data       song_template_0_Data
     00000048  ___bank_bg_magicant_guitarist_ti   bg_magicant_guitarist_tilese
     00000048  ___bank_bg_school_2_tilemap        bg_school_2_tilemap
     00000048  ___bank_scene_151_collisions       scene_151_collisions
     00000048  ___bank_script_9                   script_9
     00000048  ___bank_song_song_template_19_Da   song_song_template_19_Data
     00000048  ___bank_song_song_template_8_Dat   song_song_template_8_Data
     00000049  ___bank_bg_battle_item_menu3_til   bg_battle_item_menu3_tileset
     00000049  ___bank_bg_magicant_inn_tileset    bg_magicant_inn_tileset
     00000049  ___bank_bg_nintensroom_tileset     bg_nintensroom_tileset
     00000049  ___bank_bg_story1_tileset          bg_story1_tileset
     00000049  ___bank_bg_xxcave_tileset          bg_xxcave_tileset
     00000049  ___bank_scene_156_collisions       scene_156_collisions
     00000049  ___bank_scene_93_collisions        scene_93_collisions
     00000049  ___bank_script_1                   script_1
     00000049  ___bank_script_4                   script_4
     00000049  ___bank_song_song_template_4_Dat   song_song_template_4_Data
     00000049  ___bank_sound_legacy_9             sound_legacy_9
     0000004A  ___bank_actor_176_interact         actor_176_interact
     0000004A  ___bank_actor_186_interact         actor_186_interact
     0000004A  ___bank_actor_85_interact          actor_85_interact
     0000004A  ___bank_bg_ana_3_psimenu_tileset   bg_ana_3_psimenu_tileset
     0000004A  ___bank_bg_ana_full_psimenu_tile   bg_ana_full_psimenu_tileset
     0000004A  ___bank_bg_battle_dragon_tileset   bg_battle_dragon_tileset
     0000004A  ___bank_bg_duncan_outside_tilese   bg_duncan_outside_tileset
     0000004A  ___bank_bg_flyingman_house_tiles   bg_flyingman_house_tileset
     0000004A  ___bank_bg_menu_onyx_tileset       bg_menu_onyx_tileset
     0000004A  ___bank_bg_ninten_2_psimenu_tile   bg_ninten_2_psimenu_tileset
     0000004A  ___bank_bg_school_mess_tileset     bg_school_mess_tileset
     0000004A  ___bank_bg_southmerrysville_tile   bg_southmerrysville_tileset
     0000004A  ___bank_bg_zoo_bossroom_tileset    bg_zoo_bossroom_tileset
     0000004A  ___bank_scene_169_sprites          scene_169_sprites
     0000004A  ___bank_song_song_template_5_Dat   song_song_template_5_Data
     0000004B  ___bank_actor_100_interact         actor_100_interact
     0000004B  ___bank_actor_111_interact         actor_111_interact
     0000004B  ___bank_bg_ana_2_psimenu_tileset   bg_ana_2_psimenu_tileset
ASxxxx Linker V03.00 + NoICE + sdld,  page 12.
Hexadecimal  [32-Bits]

Area                                    Addr        Size        Decimal Bytes (Attributes)
--------------------------------        ----        ----        ------- ----- ------------
.  .ABS.                            00000000    00000000 =           0. bytes (ABS,CON)

      Value  Global                              Global Defined In Module
      -----  --------------------------------   ------------------------
     0000004B  ___bank_bg_crystal_caverns2_tile   bg_crystal_caverns2_tileset
     0000004B  ___bank_bg_hospital_back_tileset   bg_hospital_back_tileset
     0000004B  ___bank_bg_intro_3_tileset         bg_intro_3_tileset
     0000004B  ___bank_bg_item_menu_tileset       bg_item_menu_tileset
     0000004B  ___bank_bg_menu_no_onyx_tileset    bg_menu_no_onyx_tileset
     0000004B  ___bank_bg_school_entrance_tiles   bg_school_entrance_tileset
     0000004B  ___bank_scene_44_collisions        scene_44_collisions
     0000004B  ___bank_scene_45_collisions        scene_45_collisions
     0000004B  ___bank_scene_46_collisions        scene_46_collisions
     0000004B  ___bank_script_11                  script_11
     0000004B  ___bank_script_7                   script_7
     0000004B  b_core_reset                       core
     0000004B  b_core_run                         core
     0000004B  b_data_clear                       load_save
     0000004B  b_data_init                        load_save
     0000004B  b_data_load                        load_save
     0000004B  b_data_peek                        load_save
     0000004B  b_data_save                        load_save
     0000004C  ___bank_bg_battle_madtruck_tiles   bg_battle_madtruck_tileset
     0000004C  ___bank_bg_battle_manictruck_til   bg_battle_manictruck_tileset
     0000004C  ___bank_bg_battle_psychotruck_ti   bg_battle_psychotruck_tilese
     0000004C  ___bank_bg_battle_tiger_tileset    bg_battle_tiger_tileset
     0000004C  ___bank_bg_crystal_caverns3_tile   bg_crystal_caverns3_tileset
     0000004C  ___bank_bg_school_class1_tileset   bg_school_class1_tileset
     0000004C  ___bank_bg_school_nurse_tileset    bg_school_nurse_tileset
     0000004C  ___bank_bg_zoo_inside1_tileset     bg_zoo_inside1_tileset
     0000004C  ___bank_song_song_template_12_Da   song_song_template_12_Data
     0000004C  ___bank_song_song_template_13_Da   song_song_template_13_Data
     0000004C  ___bank_song_song_template_14_Da   song_song_template_14_Data
     0000004C  ___bank_song_song_template_15_Da   song_song_template_15_Data
     0000004C  ___bank_song_song_template_16_Da   song_song_template_16_Data
     0000004C  ___bank_song_song_template_17_Da   song_song_template_17_Data
     0000004C  ___bank_song_song_template_18_Da   song_song_template_18_Data
     0000004C  ___bank_song_song_template_Data    song_song_template_Data
     0000004C  ___bank_trigger_220_interact       trigger_220_interact
     0000004C  b_gbprinter_detect                 gbprinter
     0000004C  b_gbprinter_print_overlay          gbprinter
     0000004D  ___bank_VM_SIO                     vm_sio
     0000004D  ___bank_actor_121_interact         actor_121_interact
     0000004D  ___bank_actor_123_interact         actor_123_interact
     0000004D  ___bank_actor_181_interact         actor_181_interact
     0000004D  ___bank_bg_battle_bear_tileset     bg_battle_bear_tileset
     0000004D  ___bank_bg_battle_dog_tileset      bg_battle_dog_tileset
     0000004D  ___bank_bg_battle_eagle_tileset    bg_battle_eagle_tileset
     0000004D  ___bank_bg_battle_gorilla_tilese   bg_battle_gorilla_tileset
     0000004D  ___bank_bg_battle_skyyddet_tiles   bg_battle_skyyddet_tileset
     0000004D  ___bank_bg_hospital_front_tilese   bg_hospital_front_tileset
     0000004D  ___bank_bg_magicant_entrance_til   bg_magicant_entrance_tileset
     0000004D  ___bank_bg_mayors_office_tileset   bg_mayors_office_tileset
     0000004D  ___bank_bg_ninten_1_psimenu_tile   bg_ninten_1_psimenu_tileset
     0000004D  ___bank_bg_nintenhouse_hall_tile   bg_nintenhouse_hall_tileset
ASxxxx Linker V03.00 + NoICE + sdld,  page 13.
Hexadecimal  [32-Bits]

Area                                    Addr        Size        Decimal Bytes (Attributes)
--------------------------------        ----        ----        ------- ----- ------------
.  .ABS.                            00000000    00000000 =           0. bytes (ABS,CON)

      Value  Global                              Global Defined In Module
      -----  --------------------------------   ------------------------
     0000004D  ___bank_bg_stat_menu_ninten_tile   bg_stat_menu_ninten_tileset
     0000004D  ___bank_bg_zoo_inside2_tileset     bg_zoo_inside2_tileset
     0000004D  ___bank_scene_16_init              scene_16_init
     0000004D  b___HandleCrash_banked             
     0000004D  b_pointnclick_init                 pointnclick
     0000004D  b_pointnclick_update               pointnclick
     0000004D  b_trigger_activate_at              trigger
     0000004D  b_trigger_activate_at_intersecti   trigger
     0000004D  b_trigger_at_intersection          trigger
     0000004D  b_trigger_at_tile                  trigger
     0000004D  b_trigger_interact                 trigger
     0000004D  b_trigger_reset                    trigger
     0000004D  b_vm_sio_exchange                  vm_sio
     0000004D  b_vm_sio_set_mode                  vm_sio
     0000004E  ___bank_VM_MATH                    vm_math
     0000004E  ___bank_actor_189_interact         actor_189_interact
     0000004E  ___bank_bg_battle_ali_tileset      bg_battle_ali_tileset
     0000004E  ___bank_bg_burger_store_tilemap    bg_burger_store_tilemap
     0000004E  ___bank_bg_church_inside_tilemap   bg_church_inside_tilemap
     0000004E  ___bank_bg_church_inside_tilemap   bg_church_inside_tilemap_att
     0000004E  ___bank_bg_department1_tilemap     bg_department1_tilemap
     0000004E  ___bank_bg_department2_tilemap     bg_department2_tilemap
     0000004E  ___bank_bg_department3_tilemap     bg_department3_tilemap
     0000004E  ___bank_bg_department_pet_tilema   bg_department_pet_tilemap
     0000004E  ___bank_bg_flyingman_house_tilem   bg_flyingman_house_tilemap
     0000004E  ___bank_bg_flyingman_house_tilem   bg_flyingman_house_tilemap_a
     0000004E  ___bank_bg_hospital_back_tilemap   bg_hospital_back_tilemap
     0000004E  ___bank_bg_hospital_front_tilema   bg_hospital_front_tilemap
     0000004E  ___bank_bg_hotel1_tilemap          bg_hotel1_tilemap
     0000004E  ___bank_bg_hotel2_tilemap          bg_hotel2_tilemap
     0000004E  ___bank_bg_hotel3_tilemap          bg_hotel3_tilemap
     0000004E  ___bank_bg_hotel3_tileset          bg_hotel3_tileset
     0000004E  ___bank_bg_magicant_entrance_til   bg_magicant_entrance_tilemap
     0000004E  ___bank_bg_school_2_tileset        bg_school_2_tileset
     0000004E  ___bank_bg_stat_menu_ana_tileset   bg_stat_menu_ana_tileset
     0000004E  ___bank_bg_stat_menu_llyoid_tile   bg_stat_menu_llyoid_tileset
     0000004E  ___bank_bg_stat_menu_teddy_tiles   bg_stat_menu_teddy_tileset
     0000004E  b_vm_cos_scale                     vm_math
     0000004E  b_vm_sin_scale                     vm_math
     0000004E  l__HEADER4                      
     0000004F  ___bank_bg_battle_rat_tileset      bg_battle_rat_tileset
     0000004F  ___bank_bg_magicant_guitarist_ti   bg_magicant_guitarist_tilema
     0000004F  ___bank_bg_magicant_house_tilema   bg_magicant_house_tilemap
     0000004F  ___bank_bg_magicant_inn_tilemap    bg_magicant_inn_tilemap
     0000004F  ___bank_bg_magicant_store_tilema   bg_magicant_store_tilemap
     0000004F  ___bank_bg_mayors_office_tilemap   bg_mayors_office_tilemap
     0000004F  ___bank_bg_school_class1_tilemap   bg_school_class1_tilemap
     0000004F  ___bank_bg_school_class1_tilemap   bg_school_class1_tilemap_att
     0000004F  ___bank_bg_school_class2_tilemap   bg_school_class2_tilemap
     0000004F  ___bank_bg_school_janitor_tilema   bg_school_janitor_tilemap
     0000004F  ___bank_bg_school_mess_tilemap     bg_school_mess_tilemap
ASxxxx Linker V03.00 + NoICE + sdld,  page 14.
Hexadecimal  [32-Bits]

Area                                    Addr        Size        Decimal Bytes (Attributes)
--------------------------------        ----        ----        ------- ----- ------------
.  .ABS.                            00000000    00000000 =           0. bytes (ABS,CON)

      Value  Global                              Global Defined In Module
      -----  --------------------------------   ------------------------
     0000004F  ___bank_bg_school_nurse_tilemap    bg_school_nurse_tilemap
     0000004F  ___bank_bg_xxcave_tilemap          bg_xxcave_tilemap
     0000004F  ___bank_bg_xxcave_tilemap_attr     bg_xxcave_tilemap_attr
     0000004F  ___bank_scene_121_collisions       scene_121_collisions
     0000004F  ___bank_scene_127_collisions       scene_127_collisions
     0000004F  ___bank_scene_128_collisions       scene_128_collisions
     0000004F  ___bank_scene_129_collisions       scene_129_collisions
     0000004F  ___bank_scene_130_collisions       scene_130_collisions
     0000004F  ___bank_scene_131_collisions       scene_131_collisions
     0000004F  ___bank_scene_132_collisions       scene_132_collisions
     0000004F  ___bank_scene_133_collisions       scene_133_collisions
     0000004F  ___bank_scene_134_collisions       scene_134_collisions
     0000004F  ___bank_scene_170_sprites          scene_170_sprites
     0000004F  ___bank_spritesheet_none           spritesheet_none
     00000050  ___bank_bg_church_inside_tileset   bg_church_inside_tileset
     00000050  ___bank_scene_135_collisions       scene_135_collisions
     00000050  ___bank_scene_152_collisions       scene_152_collisions
     00000050  ___bank_scene_153_collisions       scene_153_collisions
     00000050  ___bank_scene_154_collisions       scene_154_collisions
     00000050  ___bank_scene_155_collisions       scene_155_collisions
     00000050  ___bank_scene_157_collisions       scene_157_collisions
     00000050  ___bank_scene_158_collisions       scene_158_collisions
     00000050  ___bank_scene_159_collisions       scene_159_collisions
     00000050  ___bank_scene_160_collisions       scene_160_collisions
     00000050  ___bank_scene_163_collisions       scene_163_collisions
     00000050  ___bank_scene_164_collisions       scene_164_collisions
     00000050  ___bank_scene_165_collisions       scene_165_collisions
     00000050  ___bank_scene_166_collisions       scene_166_collisions
     00000050  ___bank_scene_167_collisions       scene_167_collisions
     00000050  ___bank_scene_168_collisions       scene_168_collisions
     00000050  ___bank_scene_169_collisions       scene_169_collisions
     00000050  ___bank_scene_170_collisions       scene_170_collisions
     00000050  ___bank_scene_180_collisions       scene_180_collisions
     00000050  ___bank_scene_182_triggers         scene_182_triggers
     00000050  ___bank_scene_2_sprites            scene_2_sprites
     00000050  ___bank_scene_66_collisions        scene_66_collisions
     00000050  ___bank_scene_67_collisions        scene_67_collisions
     00000050  ___bank_scene_69_collisions        scene_69_collisions
     00000050  ___bank_scene_70_collisions        scene_70_collisions
     00000051  ___bank_VM_CAMERA                  vm_camera
     00000051  ___bank_bg_battle_bosszombie_til   bg_battle_bosszombie_tileset
     00000051  ___bank_bg_battle_cougar_tileset   bg_battle_cougar_tileset
     00000051  ___bank_bg_zoo_5_tileset           bg_zoo_5_tileset
     00000051  ___bank_scene_132_triggers         scene_132_triggers
     00000051  ___bank_scene_71_collisions        scene_71_collisions
     00000051  ___bank_scene_72_collisions        scene_72_collisions
     00000051  ___bank_scene_73_collisions        scene_73_collisions
     00000051  ___bank_scene_74_collisions        scene_74_collisions
     00000051  ___bank_scene_75_collisions        scene_75_collisions
     00000051  ___bank_scene_76_collisions        scene_76_collisions
     00000051  ___bank_scene_77_collisions        scene_77_collisions
ASxxxx Linker V03.00 + NoICE + sdld,  page 15.
Hexadecimal  [32-Bits]

Area                                    Addr        Size        Decimal Bytes (Attributes)
--------------------------------        ----        ----        ------- ----- ------------
.  .ABS.                            00000000    00000000 =           0. bytes (ABS,CON)

      Value  Global                              Global Defined In Module
      -----  --------------------------------   ------------------------
     00000051  ___bank_scene_78_collisions        scene_78_collisions
     00000051  ___bank_scene_79_collisions        scene_79_collisions
     00000051  ___bank_scene_80_collisions        scene_80_collisions
     00000051  ___bank_scene_82_collisions        scene_82_collisions
     00000051  ___bank_scene_83_collisions        scene_83_collisions
     00000051  ___bank_scene_84_collisions        scene_84_collisions
     00000051  ___bank_scene_85_collisions        scene_85_collisions
     00000051  ___bank_scene_86_collisions        scene_86_collisions
     00000051  ___bank_scene_87_collisions        scene_87_collisions
     00000051  ___bank_scene_88_collisions        scene_88_collisions
     00000051  ___bank_scene_90_collisions        scene_90_collisions
     00000051  ___bank_scene_92_collisions        scene_92_collisions
     00000051  b_camera_shake_frames              vm_camera
     00000051  b_vm_camera_move_to                vm_camera
     00000051  b_vm_camera_set_pos                vm_camera
     00000052  ___bank_actor_139_interact         actor_139_interact
     00000052  ___bank_actor_187_interact         actor_187_interact
     00000052  ___bank_actor_71_interact          actor_71_interact
     00000052  ___bank_actor_73_interact          actor_73_interact
     00000052  ___bank_actor_83_interact          actor_83_interact
     00000052  ___bank_actor_90_interact          actor_90_interact
     00000052  ___bank_bg_ana_2_psimenu_tilemap   bg_ana_2_psimenu_tilemap
     00000052  ___bank_bg_battle_barbot_tileset   bg_battle_barbot_tileset
     00000052  ___bank_bg_battle_bippie_tileset   bg_battle_bippie_tileset
     00000052  ___bank_bg_battle_farmer_tileset   bg_battle_farmer_tileset
     00000052  ___bank_bg_battle_hyena_tileset    bg_battle_hyena_tileset
     00000052  ___bank_bg_battle_swoodoh_tilese   bg_battle_swoodoh_tileset
     00000052  ___bank_bg_battle_zombie_tileset   bg_battle_zombie_tileset
     00000052  ___bank_bg_burger_store_tileset    bg_burger_store_tileset
     00000052  ___bank_bg_department2_tileset     bg_department2_tileset
     00000052  ___bank_bg_magicant_house_tilese   bg_magicant_house_tileset
     00000052  ___bank_bg_magicant_store_tilese   bg_magicant_store_tileset
     00000052  ___bank_bg_nintenhouse_basement_   bg_nintenhouse_basement_tile
     00000052  ___bank_scene_125_actors           scene_125_actors
     00000052  ___bank_scene_174_sprites          scene_174_sprites
     00000052  ___bank_scene_25_actors            scene_25_actors
     00000052  ___bank_script_timer_11            script_timer_11
     00000052  ___bank_script_timer_12            script_timer_12
     00000052  ___bank_script_timer_13            script_timer_13
     00000052  ___bank_script_timer_14            script_timer_14
     00000052  ___bank_script_timer_15            script_timer_15
     00000052  ___bank_script_timer_16            script_timer_16
     00000052  ___bank_script_timer_17            script_timer_17
     00000052  ___bank_script_timer_18            script_timer_18
     00000052  ___bank_script_timer_19            script_timer_19
     00000052  b_set_sgb_border                   sgb_border
     00000053  ___bank_VM_PALETTE                 vm_palette
     00000053  ___bank_actor_105_interact         actor_105_interact
     00000053  ___bank_actor_107_interact         actor_107_interact
     00000053  ___bank_actor_109_interact         actor_109_interact
     00000053  ___bank_actor_40_interact          actor_40_interact
ASxxxx Linker V03.00 + NoICE + sdld,  page 16.
Hexadecimal  [32-Bits]

Area                                    Addr        Size        Decimal Bytes (Attributes)
--------------------------------        ----        ----        ------- ----- ------------
.  .ABS.                            00000000    00000000 =           0. bytes (ABS,CON)

      Value  Global                              Global Defined In Module
      -----  --------------------------------   ------------------------
     00000053  ___bank_actor_53_interact          actor_53_interact
     00000053  ___bank_actor_65_interact          actor_65_interact
     00000053  ___bank_actor_6_interact           actor_6_interact
     00000053  ___bank_bg_battle_bat_tileset      bg_battle_bat_tileset
     00000053  ___bank_bg_battle_lilsaucer_tile   bg_battle_lilsaucer_tileset
     00000053  ___bank_bg_battle_momseyes_tiles   bg_battle_momseyes_tileset
     00000053  ___bank_bg_battle_starjr_tileset   bg_battle_starjr_tileset
     00000053  ___bank_bg_battlelamp_tileset      bg_battlelamp_tileset
     00000053  ___bank_bg_intro_1_tileset         bg_intro_1_tileset
     00000053  ___bank_bg_queen_marys_hall_tile   bg_queen_marys_hall_tileset
     00000053  ___bank_scene_135_triggers         scene_135_triggers
     00000053  ___bank_scene_40_actors            scene_40_actors
     00000053  ___bank_script_input_100           script_input_100
     00000053  ___bank_script_input_101           script_input_101
     00000053  ___bank_script_input_102           script_input_102
     00000053  ___bank_script_input_103           script_input_103
     00000053  ___bank_script_input_69            script_input_69
     00000053  ___bank_script_input_70            script_input_70
     00000053  ___bank_script_input_71            script_input_71
     00000053  ___bank_script_input_72            script_input_72
     00000053  ___bank_script_input_73            script_input_73
     00000053  ___bank_script_input_74            script_input_74
     00000053  ___bank_script_input_75            script_input_75
     00000053  ___bank_script_input_76            script_input_76
     00000053  ___bank_script_input_77            script_input_77
     00000053  ___bank_script_input_78            script_input_78
     00000053  ___bank_script_input_96            script_input_96
     00000053  ___bank_script_input_99            script_input_99
     00000053  ___bank_script_timer_20            script_timer_20
     00000053  ___bank_script_timer_41            script_timer_41
     00000053  ___bank_script_timer_42            script_timer_42
     00000053  ___bank_script_timer_43            script_timer_43
     00000053  ___bank_script_timer_44            script_timer_44
     00000053  ___bank_trigger_98_interact        trigger_98_interact
     00000053  b_vm_load_palette                  vm_palette
     00000054  ___bank_actor_141_interact         actor_141_interact
     00000054  ___bank_actor_154_interact         actor_154_interact
     00000054  ___bank_actor_188_interact         actor_188_interact
     00000054  ___bank_actor_28_update            actor_28_update
     00000054  ___bank_actor_82_interact          actor_82_interact
     00000054  ___bank_bg_ana_3_psimenu_tilemap   bg_ana_3_psimenu_tilemap
     00000054  ___bank_bg_ana_full_psimenu_tile   bg_ana_full_psimenu_tilemap
     00000054  ___bank_bg_battle_ali_tilemap      bg_battle_ali_tilemap
     00000054  ___bank_bg_battle_ali_tilemap_at   bg_battle_ali_tilemap_attr
     00000054  ___bank_bg_battle_baby_tilemap     bg_battle_baby_tilemap
     00000054  ___bank_bg_battle_baby_tileset     bg_battle_baby_tileset
     00000054  ___bank_bg_battle_baglady_tilema   bg_battle_baglady_tilemap
     00000054  ___bank_bg_battle_baglady_tilema   bg_battle_baglady_tilemap_at
     00000054  ___bank_bg_battle_barbot_tilemap   bg_battle_barbot_tilemap
     00000054  ___bank_bg_battle_bat_tilemap      bg_battle_bat_tilemap
     00000054  ___bank_bg_battle_bear_tilemap     bg_battle_bear_tilemap
ASxxxx Linker V03.00 + NoICE + sdld,  page 17.
Hexadecimal  [32-Bits]

Area                                    Addr        Size        Decimal Bytes (Attributes)
--------------------------------        ----        ----        ------- ----- ------------
.  .ABS.                            00000000    00000000 =           0. bytes (ABS,CON)

      Value  Global                              Global Defined In Module
      -----  --------------------------------   ------------------------
     00000054  ___bank_bg_battle_bippie_tilemap   bg_battle_bippie_tilemap
     00000054  ___bank_bg_battle_bippie_tilemap   bg_battle_bippie_tilemap_att
     00000054  ___bank_bg_battle_bosszombie_til   bg_battle_bosszombie_tilemap
     00000054  ___bank_bg_battle_dadseyes_tiles   bg_battle_dadseyes_tileset
     00000054  ___bank_bg_zoo_2_tileset           bg_zoo_2_tileset
     00000054  ___bank_bg_zoo_3_tileset           bg_zoo_3_tileset
     00000054  ___bank_bg_zoo_4_tileset           bg_zoo_4_tileset
     00000054  ___bank_scene_126_actors           scene_126_actors
     00000054  ___bank_scene_68_actors            scene_68_actors
     00000054  ___bank_script_input_59            script_input_59
     00000054  ___bank_script_timer_38            script_timer_38
     00000054  ___bank_script_timer_39            script_timer_39
     00000054  ___bank_script_timer_40            script_timer_40
     00000054  ___bank_sprite_ana_tileset         sprite_ana_tileset
     00000054  ___bank_sprite_canary_tileset      sprite_canary_tileset
     00000054  ___bank_sprite_capboy_tileset      sprite_capboy_tileset
     00000054  ___bank_sprite_coolguy_tileset     sprite_coolguy_tileset
     00000054  ___bank_sprite_dirtyman_tileset    sprite_dirtyman_tileset
     00000054  ___bank_sprite_doctor_tileset      sprite_doctor_tileset
     00000054  ___bank_sprite_fatguy_tileset      sprite_fatguy_tileset
     00000054  ___bank_sprite_flyingman_tileset   sprite_flyingman_tileset
     00000054  ___bank_sprite_glasseswoman_tile   sprite_glasseswoman_tileset
     00000054  ___bank_sprite_llyoid_tileset      sprite_llyoid_tileset
     00000054  ___bank_sprite_man_tileset         sprite_man_tileset
     00000054  ___bank_sprite_mayor_tileset       sprite_mayor_tileset
     00000054  ___bank_sprite_ninten_2_tileset    sprite_ninten_2_tileset
     00000054  ___bank_sprite_pigtail_tileset     sprite_pigtail_tileset
     00000054  ___bank_sprite_ponytail_tileset    sprite_ponytail_tileset
     00000055  ___bank_bg_battle_centi_tilemap    bg_battle_centi_tilemap
     00000055  ___bank_bg_battle_cougar_tilemap   bg_battle_cougar_tilemap
     00000055  ___bank_bg_battle_crow_tilemap     bg_battle_crow_tilemap
     00000055  ___bank_bg_battle_dadseyes_tilem   bg_battle_dadseyes_tilemap
     00000055  ___bank_bg_battle_dog_tilemap      bg_battle_dog_tilemap
     00000055  ___bank_bg_battle_dragon_tilemap   bg_battle_dragon_tilemap
     00000055  ___bank_bg_battle_eagle_tilemap    bg_battle_eagle_tilemap
     00000055  ___bank_bg_battle_eli_tilemap      bg_battle_eli_tilemap
     00000055  ___bank_bg_battle_farmer_tilemap   bg_battle_farmer_tilemap
     00000055  ___bank_bg_battle_fish_tilemap     bg_battle_fish_tilemap
     00000055  ___bank_bg_battle_foureyes_tilem   bg_battle_foureyes_tilemap
     00000055  ___bank_bg_battle_fugitive_tilem   bg_battle_fugitive_tilemap
     00000055  ___bank_bg_battle_ghost_tilemap    bg_battle_ghost_tilemap
     00000055  ___bank_bg_battle_gorilla_tilema   bg_battle_gorilla_tilemap
     00000055  ___bank_bg_battle_groucho_tilema   bg_battle_groucho_tilemap
     00000055  ___bank_bg_battle_hyena_tilemap    bg_battle_hyena_tilemap
     00000055  ___bank_bg_battle_item_menu3_til   bg_battle_item_menu3_tilemap
     00000055  ___bank_bg_battle_lilsaucer_tile   bg_battle_lilsaucer_tilemap
     00000055  ___bank_bg_battle_madcar_tilemap   bg_battle_madcar_tilemap
     00000055  ___bank_bg_battle_madtruck_tilem   bg_battle_madtruck_tilemap
     00000055  ___bank_bg_battle_magicsnail_til   bg_battle_magicsnail_tilemap
     00000055  ___bank_bg_battle_magicsnail_til   bg_battle_magicsnail_tilemap
     00000055  ___bank_bg_battle_momseyes_tilem   bg_battle_momseyes_tilemap
ASxxxx Linker V03.00 + NoICE + sdld,  page 18.
Hexadecimal  [32-Bits]

Area                                    Addr        Size        Decimal Bytes (Attributes)
--------------------------------        ----        ----        ------- ----- ------------
.  .ABS.                            00000000    00000000 =           0. bytes (ABS,CON)

      Value  Global                              Global Defined In Module
      -----  --------------------------------   ------------------------
     00000055  ___bank_bg_battle_raebyddet_tile   bg_battle_raebyddet_tilemap
     00000055  ___bank_bg_battle_rat_tilemap      bg_battle_rat_tilemap
     00000055  ___bank_bg_battle_rat_tilemap_at   bg_battle_rat_tilemap_attr
     00000055  ___bank_bg_battle_rope_tilemap     bg_battle_rope_tilemap
     00000055  ___bank_bg_battle_skunk_tilemap    bg_battle_skunk_tilemap
     00000055  ___bank_bg_battle_skyyddet_tilem   bg_battle_skyyddet_tilemap
     00000055  ___bank_bg_battle_snake_tilemap    bg_battle_snake_tilemap
     00000055  ___bank_bg_battle_starjr_tilemap   bg_battle_starjr_tilemap
     00000055  ___bank_bg_battle_swoodoh_tilema   bg_battle_swoodoh_tilemap
     00000055  ___bank_bg_battle_tiger_tilemap    bg_battle_tiger_tilemap
     00000055  ___bank_bg_battle_watcher_tilema   bg_battle_watcher_tilemap
     00000055  ___bank_bg_battle_wolf_tilemap     bg_battle_wolf_tilemap
     00000055  ___bank_bg_battle_woodoh_tilemap   bg_battle_woodoh_tilemap
     00000055  ___bank_bg_battle_zombie_tilemap   bg_battle_zombie_tilemap
     00000055  ___bank_bg_battlelamp_tilemap      bg_battlelamp_tilemap
     00000055  ___bank_bg_between_merry_podunk_   bg_between_merry_podunk_tile
     00000055  ___bank_bg_between_merry_podunk_   bg_between_merry_podunk_tile
     00000055  ___bank_bg_between_ninten_podunk   bg_between_ninten_podunk_til
     00000055  ___bank_bg_between_ninten_podunk   bg_between_ninten_podunk_til
     00000055  ___bank_bg_between_zoo_mcave_til   bg_between_zoo_mcave_tilemap
     00000055  ___bank_bg_between_zoo_mcave_til   bg_between_zoo_mcave_tilemap
     00000055  ___bank_bg_duncan_1_tilemap        bg_duncan_1_tilemap
     00000055  ___bank_scene_3_init               scene_3_init
     00000056  ___bank_actor_77_interact          actor_77_interact
     00000056  ___bank_bg_duncan_2_tilemap        bg_duncan_2_tilemap
     00000056  ___bank_bg_duncan_3_tilemap        bg_duncan_3_tilemap
     00000056  ___bank_bg_duncan_4_tilemap        bg_duncan_4_tilemap
     00000056  ___bank_bg_duncan_5_tilemap        bg_duncan_5_tilemap
     00000056  ___bank_bg_duncan_6_tilemap        bg_duncan_6_tilemap
     00000056  ___bank_bg_duncan_7_tilemap        bg_duncan_7_tilemap
     00000056  ___bank_bg_duncan_8_tilemap        bg_duncan_8_tilemap
     00000056  ___bank_bg_duncan_9_tilemap        bg_duncan_9_tilemap
     00000056  ___bank_bg_duncan_inner_tilemap    bg_duncan_inner_tilemap
     00000056  ___bank_bg_game_over_tilemap       bg_game_over_tilemap
     00000056  ___bank_bg_intro_1_tilemap         bg_intro_1_tilemap
     00000056  ___bank_bg_intro_2_tilemap         bg_intro_2_tilemap
     00000056  ___bank_bg_intro_2_tilemap_attr    bg_intro_2_tilemap_attr
     00000056  ___bank_bg_intro_3_tilemap         bg_intro_3_tilemap
     00000056  ___bank_bg_intro_3_tilemap_attr    bg_intro_3_tilemap_attr
     00000056  ___bank_bg_item_menu_tilemap       bg_item_menu_tilemap
     00000056  ___bank_bg_magicant_fountain_til   bg_magicant_fountain_tilemap
     00000056  ___bank_bg_menu_no_onyx_tilemap    bg_menu_no_onyx_tilemap
     00000056  ___bank_bg_menu_onyx_tilemap       bg_menu_onyx_tilemap
     00000056  ___bank_bg_ninten_1_psimenu_tile   bg_ninten_1_psimenu_tilemap
     00000056  ___bank_bg_ninten_2_psimenu_tile   bg_ninten_2_psimenu_tilemap
     00000056  ___bank_bg_ninten_3_psimenu_tile   bg_ninten_3_psimenu_tilemap
     00000056  ___bank_bg_ninten_full_psimenu_t   bg_ninten_full_psimenu_tilem
     00000056  ___bank_bg_nintenhouse_basement_   bg_nintenhouse_basement_tile
     00000056  ___bank_bg_nintenhouse_bottomflo   bg_nintenhouse_bottomfloor_t
     00000056  ___bank_bg_nintenhouse_hall_tile   bg_nintenhouse_hall_tilemap
     00000056  ___bank_bg_nintenhouse_room_tile   bg_nintenhouse_room_tilemap
ASxxxx Linker V03.00 + NoICE + sdld,  page 19.
Hexadecimal  [32-Bits]

Area                                    Addr        Size        Decimal Bytes (Attributes)
--------------------------------        ----        ----        ------- ----- ------------
.  .ABS.                            00000000    00000000 =           0. bytes (ABS,CON)

      Value  Global                              Global Defined In Module
      -----  --------------------------------   ------------------------
     00000056  ___bank_bg_nintensroom_tilemap     bg_nintensroom_tilemap
     00000056  ___bank_bg_north_merrys_tilemap    bg_north_merrys_tilemap
     00000056  ___bank_bg_stat_menu_ana_tilemap   bg_stat_menu_ana_tilemap
     00000056  ___bank_bg_stat_menu_llyoid_tile   bg_stat_menu_llyoid_tilemap
     00000056  ___bank_bg_stat_menu_ninten_tile   bg_stat_menu_ninten_tilemap
     00000056  ___bank_bg_story1_tilemap          bg_story1_tilemap
     00000056  ___bank_bg_story_2_tilemap         bg_story_2_tilemap
     00000056  ___bank_bg_story_3_tilemap         bg_story_3_tilemap
     00000056  ___bank_bg_sweets_inner_room_til   bg_sweets_inner_room_tilemap
     00000056  ___bank_bg_sweets_room1_tilemap    bg_sweets_room1_tilemap
     00000056  ___bank_bg_sweets_room3_tilemap    bg_sweets_room3_tilemap
     00000056  ___bank_bg_sweets_room8_tilemap    bg_sweets_room8_tilemap
     00000056  ___bank_bg_sweets_room9_tilemap    bg_sweets_room9_tilemap
     00000056  ___bank_bg_zoo_1_tilemap           bg_zoo_1_tilemap
     00000056  ___bank_bg_zoo_1_tilemap_attr      bg_zoo_1_tilemap_attr
     00000056  ___bank_bg_zoo_bossroom_tilemap    bg_zoo_bossroom_tilemap
     00000056  ___bank_bg_zoo_inside1_tilemap     bg_zoo_inside1_tilemap
     00000056  ___bank_bg_zoo_inside2_tilemap     bg_zoo_inside2_tilemap
     00000057  ___bank_bg_between_merry_podunk_   bg_between_merry_podunk_tile
     00000057  ___bank_bg_zoo_office_tilemap      bg_zoo_office_tilemap
     00000057  ___bank_scene_0_collisions         scene_0_collisions
     00000057  ___bank_scene_109_collisions       scene_109_collisions
     00000057  ___bank_scene_10_collisions        scene_10_collisions
     00000057  ___bank_scene_110_collisions       scene_110_collisions
     00000057  ___bank_scene_111_collisions       scene_111_collisions
     00000057  ___bank_scene_112_collisions       scene_112_collisions
     00000057  ___bank_scene_113_collisions       scene_113_collisions
     00000057  ___bank_scene_114_collisions       scene_114_collisions
     00000057  ___bank_scene_115_collisions       scene_115_collisions
     00000057  ___bank_scene_116_collisions       scene_116_collisions
     00000057  ___bank_scene_117_collisions       scene_117_collisions
     00000057  ___bank_scene_118_collisions       scene_118_collisions
     00000057  ___bank_scene_119_collisions       scene_119_collisions
     00000057  ___bank_scene_11_collisions        scene_11_collisions
     00000057  ___bank_scene_120_collisions       scene_120_collisions
     00000057  ___bank_scene_123_collisions       scene_123_collisions
     00000057  ___bank_scene_12_collisions        scene_12_collisions
     00000057  ___bank_scene_136_collisions       scene_136_collisions
     00000057  ___bank_scene_137_collisions       scene_137_collisions
     00000057  ___bank_scene_138_collisions       scene_138_collisions
     00000057  ___bank_scene_139_collisions       scene_139_collisions
     00000057  ___bank_scene_13_collisions        scene_13_collisions
     00000057  ___bank_scene_140_collisions       scene_140_collisions
     00000057  ___bank_scene_141_collisions       scene_141_collisions
     00000057  ___bank_scene_142_collisions       scene_142_collisions
     00000057  ___bank_scene_143_collisions       scene_143_collisions
     00000057  ___bank_scene_144_collisions       scene_144_collisions
     00000057  ___bank_scene_145_collisions       scene_145_collisions
     00000057  ___bank_scene_146_collisions       scene_146_collisions
     00000057  ___bank_scene_147_collisions       scene_147_collisions
     00000057  ___bank_scene_148_collisions       scene_148_collisions
ASxxxx Linker V03.00 + NoICE + sdld,  page 20.
Hexadecimal  [32-Bits]

Area                                    Addr        Size        Decimal Bytes (Attributes)
--------------------------------        ----        ----        ------- ----- ------------
.  .ABS.                            00000000    00000000 =           0. bytes (ABS,CON)

      Value  Global                              Global Defined In Module
      -----  --------------------------------   ------------------------
     00000057  ___bank_scene_149_collisions       scene_149_collisions
     00000057  ___bank_scene_14_collisions        scene_14_collisions
     00000057  ___bank_scene_150_collisions       scene_150_collisions
     00000057  ___bank_scene_15_collisions        scene_15_collisions
     00000057  ___bank_scene_162_collisions       scene_162_collisions
     00000057  ___bank_scene_16_collisions        scene_16_collisions
     00000057  ___bank_scene_171_collisions       scene_171_collisions
     00000057  ___bank_scene_172_collisions       scene_172_collisions
     00000057  ___bank_scene_173_collisions       scene_173_collisions
     00000057  ___bank_scene_174_collisions       scene_174_collisions
     00000057  ___bank_scene_175_collisions       scene_175_collisions
     00000057  ___bank_scene_17_collisions        scene_17_collisions
     00000057  ___bank_scene_1_collisions         scene_1_collisions
     00000057  ___bank_scene_20_sprites           scene_20_sprites
     00000058  ___bank_bg_duncan_6_tileset        bg_duncan_6_tileset
     00000058  ___bank_scene_176_collisions       scene_176_collisions
     00000058  ___bank_scene_177_collisions       scene_177_collisions
     00000058  ___bank_scene_178_collisions       scene_178_collisions
     00000058  ___bank_scene_179_collisions       scene_179_collisions
     00000058  ___bank_scene_181_collisions       scene_181_collisions
     00000058  ___bank_scene_183_collisions       scene_183_collisions
     00000058  ___bank_scene_184_collisions       scene_184_collisions
     00000058  ___bank_scene_185_collisions       scene_185_collisions
     00000058  ___bank_scene_186_collisions       scene_186_collisions
     00000058  ___bank_scene_187_collisions       scene_187_collisions
     00000058  ___bank_scene_188_collisions       scene_188_collisions
     00000058  ___bank_scene_189_collisions       scene_189_collisions
     00000058  ___bank_scene_18_collisions        scene_18_collisions
     00000058  ___bank_scene_190_collisions       scene_190_collisions
     00000058  ___bank_scene_191_collisions       scene_191_collisions
     00000058  ___bank_scene_192_collisions       scene_192_collisions
     00000058  ___bank_scene_193_collisions       scene_193_collisions
     00000058  ___bank_scene_194_collisions       scene_194_collisions
     00000058  ___bank_scene_19_collisions        scene_19_collisions
     00000058  ___bank_scene_20_collisions        scene_20_collisions
     00000058  ___bank_scene_21_collisions        scene_21_collisions
     00000058  ___bank_scene_22_collisions        scene_22_collisions
     00000058  ___bank_scene_23_collisions        scene_23_collisions
     00000058  ___bank_scene_24_collisions        scene_24_collisions
     00000058  ___bank_scene_27_collisions        scene_27_collisions
     00000058  ___bank_scene_28_collisions        scene_28_collisions
     00000058  ___bank_scene_29_collisions        scene_29_collisions
     00000058  ___bank_scene_2_collisions         scene_2_collisions
     00000058  ___bank_scene_30_collisions        scene_30_collisions
     00000058  ___bank_scene_31_collisions        scene_31_collisions
     00000058  ___bank_scene_33_sprites           scene_33_sprites
     00000058  ___bank_scene_34_collisions        scene_34_collisions
     00000058  ___bank_scene_35_collisions        scene_35_collisions
     00000058  ___bank_scene_36_collisions        scene_36_collisions
     00000058  ___bank_scene_37_collisions        scene_37_collisions
     00000058  ___bank_scene_38_collisions        scene_38_collisions
ASxxxx Linker V03.00 + NoICE + sdld,  page 21.
Hexadecimal  [32-Bits]

Area                                    Addr        Size        Decimal Bytes (Attributes)
--------------------------------        ----        ----        ------- ----- ------------
.  .ABS.                            00000000    00000000 =           0. bytes (ABS,CON)

      Value  Global                              Global Defined In Module
      -----  --------------------------------   ------------------------
     00000058  ___bank_scene_39_collisions        scene_39_collisions
     00000058  ___bank_scene_3_collisions         scene_3_collisions
     00000058  ___bank_scene_41_collisions        scene_41_collisions
     00000058  ___bank_scene_42_collisions        scene_42_collisions
     00000058  ___bank_scene_47_collisions        scene_47_collisions
     00000058  ___bank_scene_48_collisions        scene_48_collisions
     00000058  ___bank_scene_49_collisions        scene_49_collisions
     00000058  ___bank_scene_4_collisions         scene_4_collisions
     00000058  ___bank_scene_50_collisions        scene_50_collisions
     00000058  ___bank_scene_5_collisions         scene_5_collisions
     00000059  ___bank_VM_MUSIC                   vm_music
     00000059  ___bank_actor_113_interact         actor_113_interact
     00000059  ___bank_actor_13_interact          actor_13_interact
     00000059  ___bank_actor_199_interact         actor_199_interact
     00000059  ___bank_actor_37_interact          actor_37_interact
     00000059  ___bank_actor_62_interact          actor_62_interact
     00000059  ___bank_actor_92_interact          actor_92_interact
     00000059  ___bank_bg_battle_foureyes_tiles   bg_battle_foureyes_tileset
     00000059  ___bank_bg_battle_rope_tileset     bg_battle_rope_tileset
     00000059  ___bank_bg_battle_watcher_tilese   bg_battle_watcher_tileset
     00000059  ___bank_bg_intro_2_tileset         bg_intro_2_tileset
     00000059  ___bank_bg_story_3_tileset         bg_story_3_tileset
     00000059  ___bank_scene_51_collisions        scene_51_collisions
     00000059  ___bank_scene_52_collisions        scene_52_collisions
     00000059  ___bank_scene_53_collisions        scene_53_collisions
     00000059  ___bank_scene_54_collisions        scene_54_collisions
     00000059  ___bank_scene_55_collisions        scene_55_collisions
[...]
C:/Users/Ellen/AppData/Local/Temp/_gbsbuild/obj/trigger_278_interact.rel
                                          [ trigger_278_interact ]
C:/Users/Ellen/AppData/Local/Temp/_gbsbuild/obj/trigger_279_interact.rel
                                          [ trigger_279_interact ]
C:/Users/Ellen/AppData/Local/Temp/_gbsbuild/obj/trigger_28_interact.rel
                                          [ trigger_28_interact ]
C:/Users/Ellen/AppData/Local/Temp/_gbsbuild/obj/trigger_280_interact.rel
                                          [ trigger_280_interact ]
C:/Users/Ellen/AppData/Local/Temp/_gbsbuild/obj/trigger_281_interact.rel
                                          [ trigger_281_interact ]
C:/Users/Ellen/AppData/Local/Temp/_gbsbuild/obj/trigger_282_interact.rel
                                          [ trigger_282_interact ]
C:/Users/Ellen/AppData/Local/Temp/_gbsbuild/obj/trigger_283_interact.rel
                                          [ trigger_283_interact ]
C:/Users/Ellen/AppData/Local/Temp/_gbsbuild/obj/trigger_284_interact.rel
                                          [ trigger_284_interact ]
C:/Users/Ellen/AppData/Local/Temp/_gbsbuild/obj/trigger_285_interact.rel
                                          [ trigger_285_interact ]
C:/Users/Ellen/AppData/Local/Temp/_gbsbuild/obj/trigger_286_interact.rel
                                          [ trigger_286_interact ]
C:/Users/Ellen/AppData/Local/Temp/_gbsbuild/obj/trigger_287_interact.rel
                                          [ trigger_287_interact ]
C:/Users/Ellen/AppData/Local/Temp/_gbsbuild/obj/trigger_288_interact.rel
                                          [ trigger_288_interact ]
C:/Users/Ellen/AppData/Local/Temp/_gbsbuild/obj/trigger_289_interact.rel
                                          [ trigger_289_interact ]
C:/Users/Ellen/AppData/Local/Temp/_gbsbuild/obj/trigger_29_interact.rel
                                          [ trigger_29_interact ]
C:/Users/Ellen/AppData/Local/Temp/_gbsbuild/obj/trigger_290_interact.rel
                                          [ trigger_290_interact ]
C:/Users/Ellen/AppData/Local/Temp/_gbsbuild/obj/trigger_291_interact.rel
                                          [ trigger_291_interact ]
C:/Users/Ellen/AppData/Local/Temp/_gbsbuild/obj/trigger_292_interact.rel
                                          [ trigger_292_interact ]
C:/Users/Ellen/AppData/Local/Temp/_gbsbuild/obj/trigger_293_interact.rel
                                          [ trigger_293_interact ]
C:/Users/Ellen/AppData/Local/Temp/_gbsbuild/obj/trigger_294_interact.rel
                                          [ trigger_294_interact ]
C:/Users/Ellen/AppData/Local/Temp/_gbsbuild/obj/trigger_295_interact.rel
                                          [ trigger_295_interact ]
C:/Users/Ellen/AppData/Local/Temp/_gbsbuild/obj/trigger_296_interact.rel
                                          [ trigger_296_interact ]
C:/Users/Ellen/AppData/Local/Temp/_gbsbuild/obj/trigger_297_interact.rel
                                          [ trigger_297_interact ]
C:/Users/Ellen/AppData/Local/Temp/_gbsbuild/obj/trigger_298_interact.rel
                                          [ trigger_298_interact ]
C:/Users/Ellen/AppData/Local/Temp/_gbsbuild/obj/trigger_299_interact.rel
                                          [ trigger_299_interact ]
C:/Users/Ellen/AppData/Local/Temp/_gbsbuild/obj/trigger_3_interact.rel
                                          [ trigger_3_interact ]
C:/Users/Ellen/AppData/Local/Temp/_gbsbuild/obj/trigger_30_interact.rel
                                          [ trigger_30_interact ]
C:/Users/Ellen/AppData/Local/Temp/_gbsbuild/obj/trigger_300_interact.rel
                                          [ trigger_300_interact ]
C:/Users/Ellen/AppData/Local/Temp/_gbsbuild/obj/trigger_301_interact.rel
                                          [ trigger_301_interact ]
C:/Users/Ellen/AppData/Local/Temp/_gbsbuild/obj/trigger_302_interact.rel
                                          [ trigger_302_interact ]
C:/Users/Ellen/AppData/Local/Temp/_gbsbuild/obj/trigger_303_interact.rel
                                          [ trigger_303_interact ]
C:/Users/Ellen/AppData/Local/Temp/_gbsbuild/obj/trigger_304_interact.rel
                                          [ trigger_304_interact ]
C:/Users/Ellen/AppData/Local/Temp/_gbsbuild/obj/trigger_305_interact.rel
                                          [ trigger_305_interact ]
C:/Users/Ellen/AppData/Local/Temp/_gbsbuild/obj/trigger_306_interact.rel
                                          [ trigger_306_interact ]
C:/Users/Ellen/AppData/Local/Temp/_gbsbuild/obj/trigger_307_interact.rel
                                          [ trigger_307_interact ]
C:/Users/Ellen/AppData/Local/Temp/_gbsbuild/obj/trigger_31_interact.rel
                                          [ trigger_31_interact ]
C:/Users/Ellen/AppData/Local/Temp/_gbsbuild/obj/trigger_32_interact.rel
                                          [ trigger_32_interact ]
C:/Users/Ellen/AppData/Local/Temp/_gbsbuild/obj/trigger_33_interact.rel
                                          [ trigger_33_interact ]
C:/Users/Ellen/AppData/Local/Temp/_gbsbuild/obj/trigger_34_interact.rel
                                          [ trigger_34_interact ]
C:/Users/Ellen/AppData/Local/Temp/_gbsbuild/obj/trigger_35_interact.rel
                                          [ trigger_35_interact ]
C:/Users/Ellen/AppData/Local/Temp/_gbsbuild/obj/trigger_36_interact.rel
                                          [ trigger_36_interact ]
C:/Users/Ellen/AppData/Local/Temp/_gbsbuild/obj/trigger_37_interact.rel
                                          [ trigger_37_interact ]
C:/Users/Ellen/AppData/Local/Temp/_gbsbuild/obj/trigger_38_interact.rel
                                          [ trigger_38_interact ]
C:/Users/Ellen/AppData/Local/Temp/_gbsbuild/obj/trigger_39_interact.rel
                                          [ trigger_39_interact ]
C:/Users/Ellen/AppData/Local/Temp/_gbsbuild/obj/trigger_4_interact.rel
                                          [ trigger_4_interact ]
C:/Users/Ellen/AppData/Local/Temp/_gbsbuild/obj/trigger_40_interact.rel
                                          [ trigger_40_interact ]
C:/Users/Ellen/AppData/Local/Temp/_gbsbuild/obj/trigger_41_interact.rel
                                          [ trigger_41_interact ]
C:/Users/Ellen/AppData/Local/Temp/_gbsbuild/obj/trigger_42_interact.rel
                                          [ trigger_42_interact ]
C:/Users/Ellen/AppData/Local/Temp/_gbsbuild/obj/trigger_43_interact.rel
                                          [ trigger_43_interact ]
C:/Users/Ellen/AppData/Local/Temp/_gbsbuild/obj/trigger_44_interact.rel
                                          [ trigger_44_interact ]
C:/Users/Ellen/AppData/Local/Temp/_gbsbuild/obj/trigger_45_interact.rel
                                          [ trigger_45_interact ]
C:/Users/Ellen/AppData/Local/Temp/_gbsbuild/obj/trigger_46_interact.rel
                                          [ trigger_46_interact ]
C:/Users/Ellen/AppData/Local/Temp/_gbsbuild/obj/trigger_47_interact.rel
                                          [ trigger_47_interact ]
C:/Users/Ellen/AppData/Local/Temp/_gbsbuild/obj/trigger_48_interact.rel
                                          [ trigger_48_interact ]
C:/Users/Ellen/AppData/Local/Temp/_gbsbuild/obj/trigger_49_interact.rel
                                          [ trigger_49_interact ]
C:/Users/Ellen/AppData/Local/Temp/_gbsbuild/obj/trigger_5_interact.rel
                                          [ trigger_5_interact ]
C:/Users/Ellen/AppData/Local/Temp/_gbsbuild/obj/trigger_50_interact.rel
                                          [ trigger_50_interact ]
C:/Users/Ellen/AppData/Local/Temp/_gbsbuild/obj/trigger_51_interact.rel
                                          [ trigger_51_interact ]
C:/Users/Ellen/AppData/Local/Temp/_gbsbuild/obj/trigger_52_interact.rel
                                          [ trigger_52_interact ]
C:/Users/Ellen/AppData/Local/Temp/_gbsbuild/obj/trigger_53_interact.rel
                                          [ trigger_53_interact ]
C:/Users/Ellen/AppData/Local/Temp/_gbsbuild/obj/trigger_54_interact.rel
                                          [ trigger_54_interact ]
C:/Users/Ellen/AppData/Local/Temp/_gbsbuild/obj/trigger_55_interact.rel
                                          [ trigger_55_interact ]
C:/Users/Ellen/AppData/Local/Temp/_gbsbuild/obj/trigger_56_interact.rel
                                          [ trigger_56_interact ]
C:/Users/Ellen/AppData/Local/Temp/_gbsbuild/obj/trigger_57_interact.rel
                                          [ trigger_57_interact ]
C:/Users/Ellen/AppData/Local/Temp/_gbsbuild/obj/trigger_58_interact.rel
                                          [ trigger_58_interact ]
C:/Users/Ellen/AppData/Local/Temp/_gbsbuild/obj/trigger_59_interact.rel
                                          [ trigger_59_interact ]
C:/Users/Ellen/AppData/Local/Temp/_gbsbuild/obj/trigger_6_interact.rel
                                          [ trigger_6_interact ]
C:/Users/Ellen/AppData/Local/Temp/_gbsbuild/obj/trigger_60_interact.rel
                                          [ trigger_60_interact ]
C:/Users/Ellen/AppData/Local/Temp/_gbsbuild/obj/trigger_61_interact.rel
                                          [ trigger_61_interact ]
C:/Users/Ellen/AppData/Local/Temp/_gbsbuild/obj/trigger_62_interact.rel
                                          [ trigger_62_interact ]
C:/Users/Ellen/AppData/Local/Temp/_gbsbuild/obj/trigger_63_interact.rel
                                          [ trigger_63_interact ]
C:/Users/Ellen/AppData/Local/Temp/_gbsbuild/obj/trigger_64_interact.rel
                                          [ trigger_64_interact ]
C:/Users/Ellen/AppData/Local/Temp/_gbsbuild/obj/trigger_65_interact.rel
                                          [ trigger_65_interact ]
C:/Users/Ellen/AppData/Local/Temp/_gbsbuild/obj/trigger_66_interact.rel
                                          [ trigger_66_interact ]
C:/Users/Ellen/AppData/Local/Temp/_gbsbuild/obj/trigger_67_interact.rel
                                          [ trigger_67_interact ]
C:/Users/Ellen/AppData/Local/Temp/_gbsbuild/obj/trigger_68_interact.rel
                                          [ trigger_68_interact ]
C:/Users/Ellen/AppData/Local/Temp/_gbsbuild/obj/trigger_69_interact.rel
                                          [ trigger_69_interact ]
C:/Users/Ellen/AppData/Local/Temp/_gbsbuild/obj/trigger_7_interact.rel
                                          [ trigger_7_interact ]
C:/Users/Ellen/AppData/Local/Temp/_gbsbuild/obj/trigger_70_interact.rel
                                          [ trigger_70_interact ]
C:/Users/Ellen/AppData/Local/Temp/_gbsbuild/obj/trigger_71_interact.rel
                                          [ trigger_71_interact ]
C:/Users/Ellen/AppData/Local/Temp/_gbsbuild/obj/trigger_72_interact.rel
                                          [ trigger_72_interact ]
C:/Users/Ellen/AppData/Local/Temp/_gbsbuild/obj/trigger_73_interact.rel
                                          [ trigger_73_interact ]
C:/Users/Ellen/AppData/Local/Temp/_gbsbuild/obj/trigger_74_interact.rel
                                          [ trigger_74_interact ]
C:/Users/Ellen/AppData/Local/Temp/_gbsbuild/obj/trigger_75_interact.rel
                                          [ trigger_75_interact ]
C:/Users/Ellen/AppData/Local/Temp/_gbsbuild/obj/trigger_76_interact.rel
                                          [ trigger_76_interact ]
C:/Users/Ellen/AppData/Local/Temp/_gbsbuild/obj/trigger_77_interact.rel
                                          [ trigger_77_interact ]
C:/Users/Ellen/AppData/Local/Temp/_gbsbuild/obj/trigger_78_interact.rel
                                          [ trigger_78_interact ]
C:/Users/Ellen/AppData/Local/Temp/_gbsbuild/obj/trigger_79_interact.rel
                                          [ trigger_79_interact ]
C:/Users/Ellen/AppData/Local/Temp/_gbsbuild/obj/trigger_8_interact.rel
                                          [ trigger_8_interact ]
C:/Users/Ellen/AppData/Local/Temp/_gbsbuild/obj/trigger_80_interact.rel
                                          [ trigger_80_interact ]
C:/Users/Ellen/AppData/Local/Temp/_gbsbuild/obj/trigger_81_interact.rel
                                          [ trigger_81_interact ]
C:/Users/Ellen/AppData/Local/Temp/_gbsbuild/obj/trigger_82_interact.rel
                                          [ trigger_82_interact ]
C:/Users/Ellen/AppData/Local/Temp/_gbsbuild/obj/trigger_83_interact.rel
                                          [ trigger_83_interact ]
C:/Users/Ellen/AppData/Local/Temp/_gbsbuild/obj/trigger_84_interact.rel
                                          [ trigger_84_interact ]
C:/Users/Ellen/AppData/Local/Temp/_gbsbuild/obj/trigger_85_interact.rel
                                          [ trigger_85_interact ]
C:/Users/Ellen/AppData/Local/Temp/_gbsbuild/obj/trigger_86_interact.rel
                                          [ trigger_86_interact ]
C:/Users/Ellen/AppData/Local/Temp/_gbsbuild/obj/trigger_87_interact.rel
                                          [ trigger_87_interact ]
C:/Users/Ellen/AppData/Local/Temp/_gbsbuild/obj/trigger_88_interact.rel
                                          [ trigger_88_interact ]
C:/Users/Ellen/AppData/Local/Temp/_gbsbuild/obj/trigger_89_interact.rel
                                          [ trigger_89_interact ]
C:/Users/Ellen/AppData/Local/Temp/_gbsbuild/obj/trigger_9_interact.rel
                                          [ trigger_9_interact ]
C:/Users/Ellen/AppData/Local/Temp/_gbsbuild/obj/trigger_90_interact.rel
                                          [ trigger_90_interact ]
C:/Users/Ellen/AppData/Local/Temp/_gbsbuild/obj/trigger_91_interact.rel
                                          [ trigger_91_interact ]
C:/Users/Ellen/AppData/Local/Temp/_gbsbuild/obj/trigger_92_interact.rel
                                          [ trigger_92_interact ]
C:/Users/Ellen/AppData/Local/Temp/_gbsbuild/obj/trigger_93_interact.rel
                                          [ trigger_93_interact ]
C:/Users/Ellen/AppData/Local/Temp/_gbsbuild/obj/trigger_94_interact.rel
                                          [ trigger_94_interact ]
C:/Users/Ellen/AppData/Local/Temp/_gbsbuild/obj/trigger_95_interact.rel
                                          [ trigger_95_interact ]
C:/Users/Ellen/AppData/Local/Temp/_gbsbuild/obj/trigger_96_interact.rel
                                          [ trigger_96_interact ]
C:/Users/Ellen/AppData/Local/Temp/_gbsbuild/obj/trigger_97_interact.rel
                                          [ trigger_97_interact ]
C:/Users/Ellen/AppData/Local/Temp/_gbsbuild/obj/trigger_98_interact.rel
                                          [ trigger_98_interact ]
C:/Users/Ellen/AppData/Local/Temp/_gbsbuild/obj/trigger_99_interact.rel
                                          [ trigger_99_interact ]
C:/Users/Ellen/AppData/Local/Temp/_gbsbuild/obj/main.rel
                                          [ main ]
C:/Users/Ellen/AppData/Local/Temp/_gbsbuild/obj/adventure.rel
                                          [ adventure ]
C:/Users/Ellen/AppData/Local/Temp/_gbsbuild/obj/logo.rel
                                          [ logo ]
C:/Users/Ellen/AppData/Local/Temp/_gbsbuild/obj/platform.rel
                                          [ platform ]
C:/Users/Ellen/AppData/Local/Temp/_gbsbuild/obj/pointnclick.rel
                                          [ pointnclick ]
C:/Users/Ellen/AppData/Local/Temp/_gbsbuild/obj/shmup.rel
                                          [ shmup ]
C:/Users/Ellen/AppData/Local/Temp/_gbsbuild/obj/states_ptrs.rel
                                          [  ]
C:/Users/Ellen/AppData/Local/Temp/_gbsbuild/obj/topdown.rel
                                          [ topdown ]


Libraries Linked                          [ object file ]

C:\Users\Ellen\AppData\Local\Temp/_gbstools/gbdk/lib/small/asxxxx/gb/gb.lib
                                          [ fill_rect_wi.o ]
C:\Users\Ellen\AppData\Local\Temp/_gbstools/gbdk/lib/small/asxxxx/gbz80/gbz80.lib
                                          [ rand.o ]
lib/hUGEDriver.lib                        [ hUGEDriver.obj.o ]
C:\Users\Ellen\AppData\Local\Temp/_gbstools/gbdk/lib/small/asxxxx/gb/gb.lib
                                          [ sfr.o ]
C:\Users\Ellen\AppData\Local\Temp/_gbstools/gbdk/lib/small/asxxxx/gb/gb.lib
                                          [ get_data.o ]
C:\Users\Ellen\AppData\Local\Temp/_gbstools/gbdk/lib/small/asxxxx/gb/gb.lib
                                          [ get_tile.o ]
C:\Users\Ellen\AppData\Local\Temp/_gbstools/gbdk/lib/small/asxxxx/gb/gb.lib
                                          [ cgb_palettes.o ]
C:\Users\Ellen\AppData\Local\Temp/_gbstools/gbdk/lib/small/asxxxx/gb/gb.lib
                                          [ metasprites_hide_spr.o ]
C:\Users\Ellen\AppData\Local\Temp/_gbstools/gbdk/lib/small/asxxxx/gbz80/gbz80.lib
                                          [ mul.o ]
C:\Users\Ellen\AppData\Local\Temp/_gbstools/gbdk/lib/small/asxxxx/gbz80/gbz80.lib
                                          [ abs.o ]
C:\Users\Ellen\AppData\Local\Temp/_gbstools/gbdk/lib/small/asxxxx/gb/gb.lib
                                          [ set_wi_t.o ]
C:\Users\Ellen\AppData\Local\Temp/_gbstools/gbdk/lib/small/asxxxx/gb/gb.lib
                                          [ set_data.o ]
C:\Users\Ellen\AppData\Local\Temp/_gbstools/gbdk/lib/small/asxxxx/gbz80/gbz80.lib
                                          [ reverse.o ]
C:\Users\Ellen\AppData\Local\Temp/_gbstools/gbdk/lib/small/asxxxx/gb/gb.lib
                                          [ far_ptr.o ]
C:\Users\Ellen\AppData\Local\Temp/_gbstools/gbdk/lib/small/asxxxx/gb/gb.lib
                                          [ sgb.o ]
C:\Users\Ellen\AppData\Local\Temp/_gbstools/gbdk/lib/small/asxxxx/gb/gb.lib
                                          [ lcd.o ]
C:\Users\Ellen\AppData\Local\Temp/_gbstools/gbdk/lib/small/asxxxx/gb/gb.lib
                                          [ fill_rect.o ]
C:\Users\Ellen\AppData\Local\Temp/_gbstools/gbdk/lib/small/asxxxx/gb/gb.lib
                                          [ cpy_data.o ]
C:\Users\Ellen\AppData\Local\Temp/_gbstools/gbdk/lib/small/asxxxx/gb/gb.lib
                                          [ fill_rect_bk.o ]
C:\Users\Ellen\AppData\Local\Temp/_gbstools/gbdk/lib/small/asxxxx/gb/gb.lib
                                          [ pad.o ]
C:\Users\Ellen\AppData\Local\Temp/_gbstools/gbdk/lib/small/asxxxx/gb/gb.lib
                                          [ metasprites.o ]
C:\Users\Ellen\AppData\Local\Temp/_gbstools/gbdk/lib/small/asxxxx/gbz80/gbz80.lib
                                          [ __sdcc_call_hl.o ]
C:\Users\Ellen\AppData\Local\Temp/_gbstools/gbdk/lib/small/asxxxx/gbz80/gbz80.lib
                                          [ _memcpy.o ]
C:\Users\Ellen\AppData\Local\Temp/_gbstools/gbdk/lib/small/asxxxx/gbz80/gbz80.lib
                                          [ _memset.o ]
C:\Users\Ellen\AppData\Local\Temp/_gbstools/gbdk/lib/small/asxxxx/gb/gb.lib
                                          [ set_xy_t.o ]
C:\Users\Ellen\AppData\Local\Temp/_gbstools/gbdk/lib/small/asxxxx/gb/gb.lib
                                          [ cgb.o ]
C:\Users\Ellen\AppData\Local\Temp/_gbstools/gbdk/lib/small/asxxxx/gbz80/gbz80.lib
                                          [ div.o ]
C:\Users\Ellen\AppData\Local\Temp/_gbstools/gbdk/lib/small/asxxxx/gb/gb.lib
                                          [ set_bk_t.o ]

ASxxxx Linker V03.00 + NoICE + sdld,  page 253.

User Base Address Definitions

_DATA=0xC0A0
_CODE=0x0200
ASxxxx Linker V03.00 + NoICE + sdld,  page 254.

User Global Definitions

.STACK=0xDF00
_shadow_OAM=0xC000
.refresh_OAM=0xFF80
__start_save=124

